C:/Users/frxdy/STM32Cube/Repository/STM32Cube_FW_L4_V1.18.1/Projects/B-L475E-IOT01A/Applications/WiFi/WiFi_Client_Server/Src/main.c:75:5:main	10088	static
C:/Users/frxdy/STM32Cube/Repository/STM32Cube_FW_L4_V1.18.1/Projects/B-L475E-IOT01A/Applications/WiFi/WiFi_Client_Server/Src/main.c:266:13:SystemClock_Config	96	static
C:/Users/frxdy/STM32Cube/Repository/STM32Cube_FW_L4_V1.18.1/Projects/B-L475E-IOT01A/Applications/WiFi/WiFi_Client_Server/Src/main.c:309:1:__io_putchar	24	static
C:/Users/frxdy/STM32Cube/Repository/STM32Cube_FW_L4_V1.18.1/Projects/B-L475E-IOT01A/Applications/WiFi/WiFi_Client_Server/Src/main.c:344:6:HAL_GPIO_EXTI_Callback	16	static
C:/Users/frxdy/STM32Cube/Repository/STM32Cube_FW_L4_V1.18.1/Projects/B-L475E-IOT01A/Applications/WiFi/WiFi_Client_Server/Src/main.c:360:6:SPI3_IRQHandler	8	static
