Archive member included to satisfy reference by file (symbol)

C:/ST/STM32CubeIDE_1.16.1/STM32CubeIDE/plugins/com.st.stm32cube.ide.mcu.externaltools.gnu-tools-for-stm32.12.3.rel1.win32_1.0.200.202406191623/tools/bin/../lib/gcc/arm-none-eabi/12.3.1/../../../../arm-none-eabi/lib/thumb/v7e-m+fp/hard\libc_nano.a(libc_a-exit.o)
                              C:/ST/STM32CubeIDE_1.16.1/STM32CubeIDE/plugins/com.st.stm32cube.ide.mcu.externaltools.gnu-tools-for-stm32.12.3.rel1.win32_1.0.200.202406191623/tools/bin/../lib/gcc/arm-none-eabi/12.3.1/../../../../arm-none-eabi/lib/thumb/v7e-m+fp/hard/crt0.o (exit)
C:/ST/STM32CubeIDE_1.16.1/STM32CubeIDE/plugins/com.st.stm32cube.ide.mcu.externaltools.gnu-tools-for-stm32.12.3.rel1.win32_1.0.200.202406191623/tools/bin/../lib/gcc/arm-none-eabi/12.3.1/../../../../arm-none-eabi/lib/thumb/v7e-m+fp/hard\libc_nano.a(libc_a-rand.o)
                              ./BlueNRG_MS/App/app_bluenrg_ms.o (srand)
C:/ST/STM32CubeIDE_1.16.1/STM32CubeIDE/plugins/com.st.stm32cube.ide.mcu.externaltools.gnu-tools-for-stm32.12.3.rel1.win32_1.0.200.202406191623/tools/bin/../lib/gcc/arm-none-eabi/12.3.1/../../../../arm-none-eabi/lib/thumb/v7e-m+fp/hard\libc_nano.a(libc_a-findfp.o)
                              C:/ST/STM32CubeIDE_1.16.1/STM32CubeIDE/plugins/com.st.stm32cube.ide.mcu.externaltools.gnu-tools-for-stm32.12.3.rel1.win32_1.0.200.202406191623/tools/bin/../lib/gcc/arm-none-eabi/12.3.1/../../../../arm-none-eabi/lib/thumb/v7e-m+fp/hard\libc_nano.a(libc_a-exit.o) (__stdio_exit_handler)
C:/ST/STM32CubeIDE_1.16.1/STM32CubeIDE/plugins/com.st.stm32cube.ide.mcu.externaltools.gnu-tools-for-stm32.12.3.rel1.win32_1.0.200.202406191623/tools/bin/../lib/gcc/arm-none-eabi/12.3.1/../../../../arm-none-eabi/lib/thumb/v7e-m+fp/hard\libc_nano.a(libc_a-fwalk.o)
                              C:/ST/STM32CubeIDE_1.16.1/STM32CubeIDE/plugins/com.st.stm32cube.ide.mcu.externaltools.gnu-tools-for-stm32.12.3.rel1.win32_1.0.200.202406191623/tools/bin/../lib/gcc/arm-none-eabi/12.3.1/../../../../arm-none-eabi/lib/thumb/v7e-m+fp/hard\libc_nano.a(libc_a-findfp.o) (_fwalk_sglue)
C:/ST/STM32CubeIDE_1.16.1/STM32CubeIDE/plugins/com.st.stm32cube.ide.mcu.externaltools.gnu-tools-for-stm32.12.3.rel1.win32_1.0.200.202406191623/tools/bin/../lib/gcc/arm-none-eabi/12.3.1/../../../../arm-none-eabi/lib/thumb/v7e-m+fp/hard\libc_nano.a(libc_a-printf.o)
                              ./BlueNRG_MS/App/app_bluenrg_ms.o (printf)
C:/ST/STM32CubeIDE_1.16.1/STM32CubeIDE/plugins/com.st.stm32cube.ide.mcu.externaltools.gnu-tools-for-stm32.12.3.rel1.win32_1.0.200.202406191623/tools/bin/../lib/gcc/arm-none-eabi/12.3.1/../../../../arm-none-eabi/lib/thumb/v7e-m+fp/hard\libc_nano.a(libc_a-puts.o)
                              ./BlueNRG_MS/App/app_bluenrg_ms.o (puts)
C:/ST/STM32CubeIDE_1.16.1/STM32CubeIDE/plugins/com.st.stm32cube.ide.mcu.externaltools.gnu-tools-for-stm32.12.3.rel1.win32_1.0.200.202406191623/tools/bin/../lib/gcc/arm-none-eabi/12.3.1/../../../../arm-none-eabi/lib/thumb/v7e-m+fp/hard\libc_nano.a(libc_a-snprintf.o)
                              ./BlueNRG_MS/App/gatt_db.o (snprintf)
C:/ST/STM32CubeIDE_1.16.1/STM32CubeIDE/plugins/com.st.stm32cube.ide.mcu.externaltools.gnu-tools-for-stm32.12.3.rel1.win32_1.0.200.202406191623/tools/bin/../lib/gcc/arm-none-eabi/12.3.1/../../../../arm-none-eabi/lib/thumb/v7e-m+fp/hard\libc_nano.a(libc_a-stdio.o)
                              C:/ST/STM32CubeIDE_1.16.1/STM32CubeIDE/plugins/com.st.stm32cube.ide.mcu.externaltools.gnu-tools-for-stm32.12.3.rel1.win32_1.0.200.202406191623/tools/bin/../lib/gcc/arm-none-eabi/12.3.1/../../../../arm-none-eabi/lib/thumb/v7e-m+fp/hard\libc_nano.a(libc_a-findfp.o) (__sread)
C:/ST/STM32CubeIDE_1.16.1/STM32CubeIDE/plugins/com.st.stm32cube.ide.mcu.externaltools.gnu-tools-for-stm32.12.3.rel1.win32_1.0.200.202406191623/tools/bin/../lib/gcc/arm-none-eabi/12.3.1/../../../../arm-none-eabi/lib/thumb/v7e-m+fp/hard\libc_nano.a(libc_a-wbuf.o)
                              C:/ST/STM32CubeIDE_1.16.1/STM32CubeIDE/plugins/com.st.stm32cube.ide.mcu.externaltools.gnu-tools-for-stm32.12.3.rel1.win32_1.0.200.202406191623/tools/bin/../lib/gcc/arm-none-eabi/12.3.1/../../../../arm-none-eabi/lib/thumb/v7e-m+fp/hard\libc_nano.a(libc_a-puts.o) (__swbuf_r)
C:/ST/STM32CubeIDE_1.16.1/STM32CubeIDE/plugins/com.st.stm32cube.ide.mcu.externaltools.gnu-tools-for-stm32.12.3.rel1.win32_1.0.200.202406191623/tools/bin/../lib/gcc/arm-none-eabi/12.3.1/../../../../arm-none-eabi/lib/thumb/v7e-m+fp/hard\libc_nano.a(libc_a-wsetup.o)
                              C:/ST/STM32CubeIDE_1.16.1/STM32CubeIDE/plugins/com.st.stm32cube.ide.mcu.externaltools.gnu-tools-for-stm32.12.3.rel1.win32_1.0.200.202406191623/tools/bin/../lib/gcc/arm-none-eabi/12.3.1/../../../../arm-none-eabi/lib/thumb/v7e-m+fp/hard\libc_nano.a(libc_a-puts.o) (__swsetup_r)
[...]
Memory Configuration

Name             Origin             Length             Attributes
RAM              0x20000000         0x00018000         xrw
RAM2             0x10000000         0x00008000         xrw
FLASH            0x08000000         0x00100000         xr
*default*        0x00000000         0xffffffff

Linker script and memory map

LOAD C:/ST/STM32CubeIDE_1.16.1/STM32CubeIDE/plugins/com.st.stm32cube.ide.mcu.externaltools.gnu-tools-for-stm32.12.3.rel1.win32_1.0.200.202406191623/tools/bin/../lib/gcc/arm-none-eabi/12.3.1/thumb/v7e-m+fp/hard/crti.o
LOAD C:/ST/STM32CubeIDE_1.16.1/STM32CubeIDE/plugins/com.st.stm32cube.ide.mcu.externaltools.gnu-tools-for-stm32.12.3.rel1.win32_1.0.200.202406191623/tools/bin/../lib/gcc/arm-none-eabi/12.3.1/thumb/v7e-m+fp/hard/crtbegin.o
LOAD C:/ST/STM32CubeIDE_1.16.1/STM32CubeIDE/plugins/com.st.stm32cube.ide.mcu.externaltools.gnu-tools-for-stm32.12.3.rel1.win32_1.0.200.202406191623/tools/bin/../lib/gcc/arm-none-eabi/12.3.1/../../../../arm-none-eabi/lib/thumb/v7e-m+fp/hard/crt0.o
LOAD ./BlueNRG_MS/App/app_bluenrg_ms.o
LOAD ./BlueNRG_MS/App/gatt_db.o
LOAD ./BlueNRG_MS/App/sensor.o
LOAD ./BlueNRG_MS/Target/hci_tl_interface.o
LOAD ./Core/Src/freertos.o
LOAD ./Core/Src/main.o
LOAD ./Core/Src/stm32l4xx_hal_msp.o
LOAD ./Core/Src/stm32l4xx_it.o
LOAD ./Core/Src/syscalls.o
LOAD ./Core/Src/sysmem.o
LOAD ./Core/Src/system_stm32l4xx.o
LOAD ./Core/Startup/startup_stm32l475vgtx.o
LOAD ./Drivers/BSP/B-L475E-IOT01A1/b_l475e_iot01a1.o
LOAD ./Drivers/BSP/B-L475E-IOT01A1/b_l475e_iot01a1_bus.o
LOAD ./Drivers/BSP/B-L475E-IOT01A1/stm32l475e_iot01_accelero.o
LOAD ./Drivers/BSP/Components/lsm6dsl/lsm6dsl.o
LOAD ./Drivers/STM32L4xx_HAL_Driver/Src/stm32l4xx_hal.o
LOAD ./Drivers/STM32L4xx_HAL_Driver/Src/stm32l4xx_hal_cortex.o
LOAD ./Drivers/STM32L4xx_HAL_Driver/Src/stm32l4xx_hal_dfsdm.o
LOAD ./Drivers/STM32L4xx_HAL_Driver/Src/stm32l4xx_hal_dma.o
LOAD ./Drivers/STM32L4xx_HAL_Driver/Src/stm32l4xx_hal_dma_ex.o
LOAD ./Drivers/STM32L4xx_HAL_Driver/Src/stm32l4xx_hal_exti.o
LOAD ./Drivers/STM32L4xx_HAL_Driver/Src/stm32l4xx_hal_flash.o
LOAD ./Drivers/STM32L4xx_HAL_Driver/Src/stm32l4xx_hal_flash_ex.o
LOAD ./Drivers/STM32L4xx_HAL_Driver/Src/stm32l4xx_hal_flash_ramfunc.o
LOAD ./Drivers/STM32L4xx_HAL_Driver/Src/stm32l4xx_hal_gpio.o
LOAD ./Drivers/STM32L4xx_HAL_Driver/Src/stm32l4xx_hal_i2c.o
LOAD ./Drivers/STM32L4xx_HAL_Driver/Src/stm32l4xx_hal_i2c_ex.o
LOAD ./Drivers/STM32L4xx_HAL_Driver/Src/stm32l4xx_hal_pcd.o
LOAD ./Drivers/STM32L4xx_HAL_Driver/Src/stm32l4xx_hal_pcd_ex.o
LOAD ./Drivers/STM32L4xx_HAL_Driver/Src/stm32l4xx_hal_pwr.o
LOAD ./Drivers/STM32L4xx_HAL_Driver/Src/stm32l4xx_hal_pwr_ex.o
LOAD ./Drivers/STM32L4xx_HAL_Driver/Src/stm32l4xx_hal_qspi.o
LOAD ./Drivers/STM32L4xx_HAL_Driver/Src/stm32l4xx_hal_rcc.o
LOAD ./Drivers/STM32L4xx_HAL_Driver/Src/stm32l4xx_hal_rcc_ex.o
LOAD ./Drivers/STM32L4xx_HAL_Driver/Src/stm32l4xx_hal_spi.o
LOAD ./Drivers/STM32L4xx_HAL_Driver/Src/stm32l4xx_hal_spi_ex.o
LOAD ./Drivers/STM32L4xx_HAL_Driver/Src/stm32l4xx_hal_tim.o
LOAD ./Drivers/STM32L4xx_HAL_Driver/Src/stm32l4xx_hal_tim_ex.o
LOAD ./Drivers/STM32L4xx_HAL_Driver/Src/stm32l4xx_hal_uart.o
LOAD ./Drivers/STM32L4xx_HAL_Driver/Src/stm32l4xx_hal_uart_ex.o
LOAD ./Drivers/STM32L4xx_HAL_Driver/Src/stm32l4xx_ll_usb.o
LOAD ./Middlewares/ST/BlueNRG-MS/hci/controller/bluenrg_gap_aci.o
LOAD ./Middlewares/ST/BlueNRG-MS/hci/controller/bluenrg_gatt_aci.o
LOAD ./Middlewares/ST/BlueNRG-MS/hci/controller/bluenrg_hal_aci.o
LOAD ./Middlewares/ST/BlueNRG-MS/hci/controller/bluenrg_l2cap_aci.o
LOAD ./Middlewares/ST/BlueNRG-MS/hci/controller/bluenrg_updater_aci.o
LOAD ./Middlewares/ST/BlueNRG-MS/hci/controller/bluenrg_utils_small.o
LOAD ./Middlewares/ST/BlueNRG-MS/hci/hci_le.o
LOAD ./Middlewares/ST/BlueNRG-MS/hci/hci_tl_patterns/Basic/hci_tl.o
LOAD ./Middlewares/ST/BlueNRG-MS/utils/ble_list.o
LOAD ./Middlewares/Third_Party/FreeRTOS/Source/CMSIS_RTOS/cmsis_os.o
LOAD ./Middlewares/Third_Party/FreeRTOS/Source/croutine.o
LOAD ./Middlewares/Third_Party/FreeRTOS/Source/event_groups.o
LOAD ./Middlewares/Third_Party/FreeRTOS/Source/list.o
LOAD ./Middlewares/Third_Party/FreeRTOS/Source/queue.o
LOAD ./Middlewares/Third_Party/FreeRTOS/Source/stream_buffer.o
LOAD ./Middlewares/Third_Party/FreeRTOS/Source/tasks.o
LOAD ./Middlewares/Third_Party/FreeRTOS/Source/timers.o
LOAD ./Middlewares/Third_Party/FreeRTOS/Source/portable/GCC/ARM_CM4F/port.o
LOAD ./Middlewares/Third_Party/FreeRTOS/Source/portable/MemMang/heap_4.o
START GROUP
LOAD C:/ST/STM32CubeIDE_1.16.1/STM32CubeIDE/plugins/com.st.stm32cube.ide.mcu.externaltools.gnu-tools-for-stm32.12.3.rel1.win32_1.0.200.202406191623/tools/bin/../lib/gcc/arm-none-eabi/12.3.1/../../../../arm-none-eabi/lib/thumb/v7e-m+fp/hard\libc_nano.a
LOAD C:/ST/STM32CubeIDE_1.16.1/STM32CubeIDE/plugins/com.st.stm32cube.ide.mcu.externaltools.gnu-tools-for-stm32.12.3.rel1.win32_1.0.200.202406191623/tools/bin/../lib/gcc/arm-none-eabi/12.3.1/../../../../arm-none-eabi/lib/thumb/v7e-m+fp/hard\libm.a
END GROUP
START GROUP
LOAD C:/ST/STM32CubeIDE_1.16.1/STM32CubeIDE/plugins/com.st.stm32cube.ide.mcu.externaltools.gnu-tools-for-stm32.12.3.rel1.win32_1.0.200.202406191623/tools/bin/../lib/gcc/arm-none-eabi/12.3.1/thumb/v7e-m+fp/hard\libgcc.a
LOAD C:/ST/STM32CubeIDE_1.16.1/STM32CubeIDE/plugins/com.st.stm32cube.ide.mcu.externaltools.gnu-tools-for-stm32.12.3.rel1.win32_1.0.200.202406191623/tools/bin/../lib/gcc/arm-none-eabi/12.3.1/../../../../arm-none-eabi/lib/thumb/v7e-m+fp/hard\libc_nano.a
END GROUP
START GROUP
LOAD C:/ST/STM32CubeIDE_1.16.1/STM32CubeIDE/plugins/com.st.stm32cube.ide.mcu.externaltools.gnu-tools-for-stm32.12.3.rel1.win32_1.0.200.202406191623/tools/bin/../lib/gcc/arm-none-eabi/12.3.1/thumb/v7e-m+fp/hard\libgcc.a
LOAD C:/ST/STM32CubeIDE_1.16.1/STM32CubeIDE/plugins/com.st.stm32cube.ide.mcu.externaltools.gnu-tools-for-stm32.12.3.rel1.win32_1.0.200.202406191623/tools/bin/../lib/gcc/arm-none-eabi/12.3.1/../../../../arm-none-eabi/lib/thumb/v7e-m+fp/hard\libc_nano.a
LOAD C:/ST/STM32CubeIDE_1.16.1/STM32CubeIDE/plugins/com.st.stm32cube.ide.mcu.externaltools.gnu-tools-for-stm32.12.3.rel1.win32_1.0.200.202406191623/tools/bin/../lib/gcc/arm-none-eabi/12.3.1/../../../../arm-none-eabi/lib/thumb/v7e-m+fp/hard\libnosys.a
END GROUP
START GROUP
LOAD C:/ST/STM32CubeIDE_1.16.1/STM32CubeIDE/plugins/com.st.stm32cube.ide.mcu.externaltools.gnu-tools-for-stm32.12.3.rel1.win32_1.0.200.202406191623/tools/bin/../lib/gcc/arm-none-eabi/12.3.1/thumb/v7e-m+fp/hard\libgcc.a
LOAD C:/ST/STM32CubeIDE_1.16.1/STM32CubeIDE/plugins/com.st.stm32cube.ide.mcu.externaltools.gnu-tools-for-stm32.12.3.rel1.win32_1.0.200.202406191623/tools/bin/../lib/gcc/arm-none-eabi/12.3.1/../../../../arm-none-eabi/lib/thumb/v7e-m+fp/hard\libc_nano.a
LOAD C:/ST/STM32CubeIDE_1.16.1/STM32CubeIDE/plugins/com.st.stm32cube.ide.mcu.externaltools.gnu-tools-for-stm32.12.3.rel1.win32_1.0.200.202406191623/tools/bin/../lib/gcc/arm-none-eabi/12.3.1/../../../../arm-none-eabi/lib/thumb/v7e-m+fp/hard\libnosys.a
END GROUP
LOAD C:/ST/STM32CubeIDE_1.16.1/STM32CubeIDE/plugins/com.st.stm32cube.ide.mcu.externaltools.gnu-tools-for-stm32.12.3.rel1.win32_1.0.200.202406191623/tools/bin/../lib/gcc/arm-none-eabi/12.3.1/thumb/v7e-m+fp/hard/crtend.o
LOAD C:/ST/STM32CubeIDE_1.16.1/STM32CubeIDE/plugins/com.st.stm32cube.ide.mcu.externaltools.gnu-tools-for-stm32.12.3.rel1.win32_1.0.200.202406191623/tools/bin/../lib/gcc/arm-none-eabi/12.3.1/thumb/v7e-m+fp/hard/crtn.o
                0x20018000                        _estack = (ORIGIN (RAM) + LENGTH (RAM))
                0x00000200                        _Min_Heap_Size = 0x200
                0x00000400                        _Min_Stack_Size = 0x400

.isr_vector     0x08000000      0x188
                0x08000000                        . = ALIGN (0x4)
 *(.isr_vector)
 .isr_vector    0x08000000      0x188 ./Core/Startup/startup_stm32l475vgtx.o
                0x08000000                g_pfnVectors
                0x08000188                        . = ALIGN (0x4)

.text           0x08000190     0xcfbc
                0x08000190                        . = ALIGN (0x4)
 *(.text)
 .text          0x08000190       0x40 C:/ST/STM32CubeIDE_1.16.1/STM32CubeIDE/plugins/com.st.stm32cube.ide.mcu.externaltools.gnu-tools-for-stm32.12.3.rel1.win32_1.0.200.202406191623/tools/bin/../lib/gcc/arm-none-eabi/12.3.1/thumb/v7e-m+fp/hard/crtbegin.o
 .text          0x080001d0       0x10 C:/ST/STM32CubeIDE_1.16.1/STM32CubeIDE/plugins/com.st.stm32cube.ide.mcu.externaltools.gnu-tools-for-stm32.12.3.rel1.win32_1.0.200.202406191623/tools/bin/../lib/gcc/arm-none-eabi/12.3.1/../../../../arm-none-eabi/lib/thumb/v7e-m+fp/hard\libc_nano.a(libc_a-strlen.o)
                0x080001d0                strlen
 .text          0x080001e0       0xa0 C:/ST/STM32CubeIDE_1.16.1/STM32CubeIDE/plugins/com.st.stm32cube.ide.mcu.externaltools.gnu-tools-for-stm32.12.3.rel1.win32_1.0.200.202406191623/tools/bin/../lib/gcc/arm-none-eabi/12.3.1/../../../../arm-none-eabi/lib/thumb/v7e-m+fp/hard\libc_nano.a(libc_a-memchr.o)
                0x080001e0                memchr
 .text          0x08000280      0x378 C:/ST/STM32CubeIDE_1.16.1/STM32CubeIDE/plugins/com.st.stm32cube.ide.mcu.externaltools.gnu-tools-for-stm32.12.3.rel1.win32_1.0.200.202406191623/tools/bin/../lib/gcc/arm-none-eabi/12.3.1/thumb/v7e-m+fp/hard\libgcc.a(_arm_addsubdf3.o)
                0x08000280                __aeabi_drsub
                0x08000288                __aeabi_dsub
                0x08000288                __subdf3
                0x0800028c                __aeabi_dadd
                0x0800028c                __adddf3
                0x08000504                __floatunsidf
                0x08000504                __aeabi_ui2d
                0x08000524                __floatsidf
                0x08000524                __aeabi_i2d
                0x08000548                __aeabi_f2d
                0x08000548                __extendsfdf2
                0x0800058c                __floatundidf
                0x0800058c                __aeabi_ul2d
                0x0800059c                __floatdidf
                0x0800059c                __aeabi_l2d
 .text          0x080005f8       0xa0 C:/ST/STM32CubeIDE_1.16.1/STM32CubeIDE/plugins/com.st.stm32cube.ide.mcu.externaltools.gnu-tools-for-stm32.12.3.rel1.win32_1.0.200.202406191623/tools/bin/../lib/gcc/arm-none-eabi/12.3.1/thumb/v7e-m+fp/hard\libgcc.a(_arm_truncdfsf2.o)
                0x080005f8                __truncdfsf2
                0x080005f8                __aeabi_d2f
 .text          0x08000698       0x30 C:/ST/STM32CubeIDE_1.16.1/STM32CubeIDE/plugins/com.st.stm32cube.ide.mcu.externaltools.gnu-tools-for-stm32.12.3.rel1.win32_1.0.200.202406191623/tools/bin/../lib/gcc/arm-none-eabi/12.3.1/thumb/v7e-m+fp/hard\libgcc.a(_aeabi_uldivmod.o)
                0x08000698                __aeabi_uldivmod
 .text          0x080006c8      0x2bc C:/ST/STM32CubeIDE_1.16.1/STM32CubeIDE/plugins/com.st.stm32cube.ide.mcu.externaltools.gnu-tools-for-stm32.12.3.rel1.win32_1.0.200.202406191623/tools/bin/../lib/gcc/arm-none-eabi/12.3.1/thumb/v7e-m+fp/hard\libgcc.a(_udivmoddi4.o)
                0x080006c8                __udivmoddi4
 .text          0x08000984        0x4 C:/ST/STM32CubeIDE_1.16.1/STM32CubeIDE/plugins/com.st.stm32cube.ide.mcu.externaltools.gnu-tools-for-stm32.12.3.rel1.win32_1.0.200.202406191623/tools/bin/../lib/gcc/arm-none-eabi/12.3.1/thumb/v7e-m+fp/hard\libgcc.a(_dvmd_tls.o)
                0x08000984                __aeabi_idiv0
                0x08000984                __aeabi_ldiv0
 *(.text*)
 .text.MX_BlueNRG_MS_Init
                0x08000988      0x1f0 ./BlueNRG_MS/App/app_bluenrg_ms.o
                0x08000988                MX_BlueNRG_MS_Init
 .text.MX_BlueNRG_MS_Process
                0x08000b78       0x10 ./BlueNRG_MS/App/app_bluenrg_ms.o
                0x08000b78                MX_BlueNRG_MS_Process
 .text.User_Init
                0x08000b88       0x1c ./BlueNRG_MS/App/app_bluenrg_ms.o
 .text.User_Process
                0x08000ba4       0xd8 ./BlueNRG_MS/App/app_bluenrg_ms.o
 .text.Set_Random_Environmental_Values
                0x08000c7c      0x100 ./BlueNRG_MS/App/app_bluenrg_ms.o
 .text.Set_Random_Motion_Values
                0x08000d7c     0x10dc ./BlueNRG_MS/App/app_bluenrg_ms.o
 .text.Reset_Motion_Values
                0x08001e58      0x1d4 ./BlueNRG_MS/App/app_bluenrg_ms.o
 .text.BSP_PB_Callback
                0x0800202c       0x20 ./BlueNRG_MS/App/app_bluenrg_ms.o
                0x0800202c                BSP_PB_Callback
 .text.Add_HWServW2ST_Service
                0x0800204c      0x190 ./BlueNRG_MS/App/gatt_db.o
                0x0800204c                Add_HWServW2ST_Service
 .text.Add_SWServW2ST_Service
                0x080021dc      0x120 ./BlueNRG_MS/App/gatt_db.o
                0x080021dc                Add_SWServW2ST_Service
 .text.Acc_Update
                0x080022fc      0x124 ./BlueNRG_MS/App/gatt_db.o
                0x080022fc                Acc_Update
 .text.Sample_rate_Update
                0x08002420       0x24 ./BlueNRG_MS/App/gatt_db.o
                0x08002420                Sample_rate_Update
 .text.ACC_DATA_Update
                0x08002444       0xb0 ./BlueNRG_MS/App/gatt_db.o
                0x08002444                ACC_DATA_Update
 .text.Quat_Update
                0x080024f4       0x9c ./BlueNRG_MS/App/gatt_db.o
                0x080024f4                Quat_Update
 .text.Read_Request_CB
                0x08002590      0x1a8 ./BlueNRG_MS/App/gatt_db.o
                0x08002590                Read_Request_CB
 .text.BlueMS_Environmental_Update
                0x08002738       0x8c ./BlueNRG_MS/App/gatt_db.o
                0x08002738                BlueMS_Environmental_Update
 .text.Set_DeviceConnectable
                0x080027c4      0x118 ./BlueNRG_MS/App/sensor.o
                0x080027c4                Set_DeviceConnectable
 .text.user_notify
                0x080028dc       0xe6 ./BlueNRG_MS/App/sensor.o
                0x080028dc                user_notify
 *fill*         0x080029c2        0x2 
 .text.GAP_DisconnectionComplete_CB
                0x080029c4       0x30 ./BlueNRG_MS/App/sensor.o
                0x080029c4                GAP_DisconnectionComplete_CB
 .text.GAP_ConnectionComplete_CB
                0x080029f4       0x68 ./BlueNRG_MS/App/sensor.o
                0x080029f4                GAP_ConnectionComplete_CB
 .text.HCI_TL_SPI_Init
                0x08002a5c       0x94 ./BlueNRG_MS/Target/hci_tl_interface.o
                0x08002a5c                HCI_TL_SPI_Init
 .text.HCI_TL_SPI_DeInit
                0x08002af0       0x30 ./BlueNRG_MS/Target/hci_tl_interface.o
                0x08002af0                HCI_TL_SPI_DeInit
 .text.HCI_TL_SPI_Reset
                0x08002b20       0x44 ./BlueNRG_MS/Target/hci_tl_interface.o
                0x08002b20                HCI_TL_SPI_Reset
 .text.HCI_TL_SPI_Receive
                0x08002b64       0xb8 ./BlueNRG_MS/Target/hci_tl_interface.o
                0x08002b64                HCI_TL_SPI_Receive
 .text.HCI_TL_SPI_Send
                0x08002c1c       0xac ./BlueNRG_MS/Target/hci_tl_interface.o
                0x08002c1c                HCI_TL_SPI_Send
 .text.IsDataAvailable
                0x08002cc8       0x20 ./BlueNRG_MS/Target/hci_tl_interface.o
 .text.hci_tl_lowlevel_init
                0x08002ce8       0x74 ./BlueNRG_MS/Target/hci_tl_interface.o
                0x08002ce8                hci_tl_lowlevel_init
 .text.hci_tl_lowlevel_isr
                0x08002d5c       0x22 ./BlueNRG_MS/Target/hci_tl_interface.o
                0x08002d5c                hci_tl_lowlevel_isr
 *fill*         0x08002d7e        0x2 
 .text.vApplicationGetIdleTaskMemory
                0x08002d80       0x34 ./Core/Src/freertos.o
                0x08002d80                vApplicationGetIdleTaskMemory
 .text.main     0x08002db4       0xe8 ./Core/Src/main.o
                0x08002db4                main
 .text.SystemClock_Config
                0x08002e9c       0xc4 ./Core/Src/main.o
                0x08002e9c                SystemClock_Config
 .text.MX_DFSDM1_Init
                0x08002f60       0x70 ./Core/Src/main.o
 .text.MX_QUADSPI_Init
                0x08002fd0       0x4c ./Core/Src/main.o
 .text.MX_USART3_UART_Init
                0x0800301c       0x60 ./Core/Src/main.o
 .text.MX_USB_OTG_FS_PCD_Init
                0x0800307c       0x5c ./Core/Src/main.o
 .text.MX_GPIO_Init
                0x080030d8      0x344 ./Core/Src/main.o
 .text.StartDefaultTask
                0x0800341c       0x16 ./Core/Src/main.o
                0x0800341c                StartDefaultTask
 *fill*         0x08003432        0x2 
 .text.StartTask02
                0x08003434       0x38 ./Core/Src/main.o
                0x08003434                StartTask02
 .text.StartTask03
                0x0800346c       0x10 ./Core/Src/main.o
                0x0800346c                StartTask03
 .text.StartTask04
                0x0800347c       0x10 ./Core/Src/main.o
                0x0800347c                StartTask04
 .text.Error_Handler
                0x0800348c        0xc ./Core/Src/main.o
                0x0800348c                Error_Handler
 .text.HAL_MspInit
                0x08003498       0x50 ./Core/Src/stm32l4xx_hal_msp.o
                0x08003498                HAL_MspInit
 .text.HAL_DFSDM_ChannelMspInit
                0x080034e8       0xc8 ./Core/Src/stm32l4xx_hal_msp.o
                0x080034e8                HAL_DFSDM_ChannelMspInit
 .text.HAL_I2C_MspInit
                0x080035b0       0xbc ./Core/Src/stm32l4xx_hal_msp.o
                0x080035b0                HAL_I2C_MspInit
 .text.HAL_I2C_MspDeInit
                0x0800366c       0x48 ./Core/Src/stm32l4xx_hal_msp.o
                0x0800366c                HAL_I2C_MspDeInit
 .text.HAL_QSPI_MspInit
                0x080036b4       0x88 ./Core/Src/stm32l4xx_hal_msp.o
                0x080036b4                HAL_QSPI_MspInit
 .text.HAL_UART_MspInit
                0x0800373c       0xbc ./Core/Src/stm32l4xx_hal_msp.o
                0x0800373c                HAL_UART_MspInit
 .text.HAL_PCD_MspInit
                0x080037f8      0x138 ./Core/Src/stm32l4xx_hal_msp.o
                0x080037f8                HAL_PCD_MspInit
 .text.NMI_Handler
                0x08003930        0x8 ./Core/Src/stm32l4xx_it.o
                0x08003930                NMI_Handler
 .text.HardFault_Handler
                0x08003938        0x8 ./Core/Src/stm32l4xx_it.o
                0x08003938                HardFault_Handler
 .text.MemManage_Handler
                0x08003940        0x8 ./Core/Src/stm32l4xx_it.o
                0x08003940                MemManage_Handler
 .text.BusFault_Handler
                0x08003948        0x8 ./Core/Src/stm32l4xx_it.o
                0x08003948                BusFault_Handler
 .text.UsageFault_Handler
                0x08003950        0x8 ./Core/Src/stm32l4xx_it.o
                0x08003950                UsageFault_Handler
 .text.DebugMon_Handler
                0x08003958        0xe ./Core/Src/stm32l4xx_it.o
                0x08003958                DebugMon_Handler
 .text.SysTick_Handler
                0x08003966       0x1a ./Core/Src/stm32l4xx_it.o
                0x08003966                SysTick_Handler
 .text.EXTI9_5_IRQHandler
                0x08003980       0x28 ./Core/Src/stm32l4xx_it.o
                0x08003980                EXTI9_5_IRQHandler
 .text.EXTI15_10_IRQHandler
                0x080039a8       0x34 ./Core/Src/stm32l4xx_it.o
                0x080039a8                EXTI15_10_IRQHandler
 .text._getpid  0x080039dc       0x10 ./Core/Src/syscalls.o
                0x080039dc                _getpid
 .text._kill    0x080039ec       0x20 ./Core/Src/syscalls.o
                0x080039ec                _kill
 .text._exit    0x08003a0c       0x16 ./Core/Src/syscalls.o
                0x08003a0c                _exit
 .text._read    0x08003a22       0x3a ./Core/Src/syscalls.o
                0x08003a22                _read
 .text._write   0x08003a5c       0x38 ./Core/Src/syscalls.o
                0x08003a5c                _write
 .text._close   0x08003a94       0x18 ./Core/Src/syscalls.o
                0x08003a94                _close
 .text._fstat   0x08003aac       0x20 ./Core/Src/syscalls.o
                0x08003aac                _fstat
 .text._isatty  0x08003acc       0x16 ./Core/Src/syscalls.o
                0x08003acc                _isatty
 .text._lseek   0x08003ae2       0x1a ./Core/Src/syscalls.o
                0x08003ae2                _lseek
 .text._sbrk    0x08003afc       0x6c ./Core/Src/sysmem.o
                0x08003afc                _sbrk
 .text.SystemInit
                0x08003b68       0x24 ./Core/Src/system_stm32l4xx.o
                0x08003b68                SystemInit
 .text.Reset_Handler
                0x08003b8c       0x50 ./Core/Startup/startup_stm32l475vgtx.o
                0x08003b8c                Reset_Handler
 .text.Default_Handler
                0x08003bdc        0x2 ./Core/Startup/startup_stm32l475vgtx.o
                0x08003bdc                RTC_Alarm_IRQHandler
                0x08003bdc                EXTI2_IRQHandler
                0x08003bdc                TIM8_TRG_COM_IRQHandler
                0x08003bdc                TIM8_CC_IRQHandler
                0x08003bdc                TIM1_CC_IRQHandler
                0x08003bdc                TSC_IRQHandler
                0x08003bdc                TAMP_STAMP_IRQHandler
                0x08003bdc                EXTI3_IRQHandler
                0x08003bdc                LPTIM2_IRQHandler
                0x08003bdc                DFSDM1_FLT1_IRQHandler
                0x08003bdc                I2C3_ER_IRQHandler
                0x08003bdc                DFSDM1_FLT2_IRQHandler
                0x08003bdc                EXTI0_IRQHandler
                0x08003bdc                I2C2_EV_IRQHandler
                0x08003bdc                CAN1_RX0_IRQHandler
                0x08003bdc                FPU_IRQHandler
                0x08003bdc                TIM1_UP_TIM16_IRQHandler
                0x08003bdc                ADC1_2_IRQHandler
                0x08003bdc                SPI1_IRQHandler
                0x08003bdc                TIM6_DAC_IRQHandler
                0x08003bdc                TIM8_UP_IRQHandler
                0x08003bdc                DMA2_Channel2_IRQHandler
                0x08003bdc                DMA1_Channel4_IRQHandler
                0x08003bdc                SAI2_IRQHandler
                0x08003bdc                DFSDM1_FLT3_IRQHandler
                0x08003bdc                USART3_IRQHandler
                0x08003bdc                DMA1_Channel7_IRQHandler
                0x08003bdc                CAN1_RX1_IRQHandler
                0x08003bdc                UART5_IRQHandler
                0x08003bdc                ADC3_IRQHandler
                0x08003bdc                TIM4_IRQHandler
                0x08003bdc                DMA2_Channel1_IRQHandler
                0x08003bdc                QUADSPI_IRQHandler
                0x08003bdc                I2C1_EV_IRQHandler
                0x08003bdc                DMA1_Channel6_IRQHandler
                0x08003bdc                UART4_IRQHandler
                0x08003bdc                DMA2_Channel4_IRQHandler
                0x08003bdc                TIM3_IRQHandler
                0x08003bdc                RCC_IRQHandler
                0x08003bdc                DMA1_Channel1_IRQHandler
                0x08003bdc                Default_Handler
                0x08003bdc                DMA2_Channel7_IRQHandler
                0x08003bdc                TIM7_IRQHandler
                0x08003bdc                SDMMC1_IRQHandler
                0x08003bdc                TIM5_IRQHandler
                0x08003bdc                I2C3_EV_IRQHandler
                0x08003bdc                RTC_WKUP_IRQHandler
                0x08003bdc                PVD_PVM_IRQHandler
                0x08003bdc                SPI2_IRQHandler
                0x08003bdc                CAN1_TX_IRQHandler
                0x08003bdc                DMA2_Channel5_IRQHandler
                0x08003bdc                DMA1_Channel5_IRQHandler
                0x08003bdc                EXTI4_IRQHandler
                0x08003bdc                RNG_IRQHandler
                0x08003bdc                TIM1_TRG_COM_TIM17_IRQHandler
                0x08003bdc                DMA1_Channel3_IRQHandler
                0x08003bdc                COMP_IRQHandler
                0x08003bdc                WWDG_IRQHandler
                0x08003bdc                LPUART1_IRQHandler
                0x08003bdc                DMA2_Channel6_IRQHandler
                0x08003bdc                TIM2_IRQHandler
                0x08003bdc                EXTI1_IRQHandler
                0x08003bdc                USART2_IRQHandler
                0x08003bdc                DFSDM1_FLT0_IRQHandler
                0x08003bdc                I2C2_ER_IRQHandler
                0x08003bdc                DMA1_Channel2_IRQHandler
                0x08003bdc                TIM8_BRK_IRQHandler
                0x08003bdc                CAN1_SCE_IRQHandler
                0x08003bdc                FLASH_IRQHandler
                0x08003bdc                USART1_IRQHandler
                0x08003bdc                OTG_FS_IRQHandler
                0x08003bdc                SPI3_IRQHandler
                0x08003bdc                I2C1_ER_IRQHandler
                0x08003bdc                FMC_IRQHandler
                0x08003bdc                SWPMI1_IRQHandler
                0x08003bdc                LPTIM1_IRQHandler
                0x08003bdc                SAI1_IRQHandler
                0x08003bdc                DMA2_Channel3_IRQHandler
                0x08003bdc                TIM1_BRK_TIM15_IRQHandler
 *fill*         0x08003bde        0x2 
 .text.BSP_LED_Init
                0x08003be0       0x24 ./Drivers/BSP/B-L475E-IOT01A1/b_l475e_iot01a1.o
                0x08003be0                BSP_LED_Init
 .text.BSP_LED_Toggle
                0x08003c04       0x2c ./Drivers/BSP/B-L475E-IOT01A1/b_l475e_iot01a1.o
                0x08003c04                BSP_LED_Toggle
 .text.LED_USER_GPIO_Init
                0x08003c30       0x80 ./Drivers/BSP/B-L475E-IOT01A1/b_l475e_iot01a1.o
 .text.BSP_PB_Init
                0x08003cb0       0xa8 ./Drivers/BSP/B-L475E-IOT01A1/b_l475e_iot01a1.o
                0x08003cb0                BSP_PB_Init
 .text.BSP_PB_GetState
                0x08003d58       0x38 ./Drivers/BSP/B-L475E-IOT01A1/b_l475e_iot01a1.o
                0x08003d58                BSP_PB_GetState
 .text.BUTTON_USER_EXTI_Callback
                0x08003d90        0xe ./Drivers/BSP/B-L475E-IOT01A1/b_l475e_iot01a1.o
 *fill*         0x08003d9e        0x2 
 .text.BUTTON_USER_GPIO_Init
                0x08003da0       0x74 ./Drivers/BSP/B-L475E-IOT01A1/b_l475e_iot01a1.o
 .text.BSP_COM_Init
                0x08003e14       0x7c ./Drivers/BSP/B-L475E-IOT01A1/b_l475e_iot01a1.o
                0x08003e14                BSP_COM_Init
 .text.MX_USART1_UART_Init
                0x08003e90       0x68 ./Drivers/BSP/B-L475E-IOT01A1/b_l475e_iot01a1.o
                0x08003e90                MX_USART1_UART_Init
 .text.__io_putchar
                0x08003ef8       0x38 ./Drivers/BSP/B-L475E-IOT01A1/b_l475e_iot01a1.o
                0x08003ef8                __io_putchar
 .text.USART1_MspInit
                0x08003f30       0xbc ./Drivers/BSP/B-L475E-IOT01A1/b_l475e_iot01a1.o
 .text.I2Cx_MspInit
                0x08003fec       0xb0 ./Drivers/BSP/B-L475E-IOT01A1/b_l475e_iot01a1.o
 .text.I2Cx_Init
                0x0800409c       0x5c ./Drivers/BSP/B-L475E-IOT01A1/b_l475e_iot01a1.o
 .text.I2Cx_ReadMultiple
                0x080040f8       0x5a ./Drivers/BSP/B-L475E-IOT01A1/b_l475e_iot01a1.o
 .text.I2Cx_WriteMultiple
                0x08004152       0x5a ./Drivers/BSP/B-L475E-IOT01A1/b_l475e_iot01a1.o
 .text.I2Cx_Error
                0x080041ac       0x20 ./Drivers/BSP/B-L475E-IOT01A1/b_l475e_iot01a1.o
 .text.SENSOR_IO_Init
                0x080041cc       0x14 ./Drivers/BSP/B-L475E-IOT01A1/b_l475e_iot01a1.o
                0x080041cc                SENSOR_IO_Init
 .text.SENSOR_IO_Write
                0x080041e0       0x34 ./Drivers/BSP/B-L475E-IOT01A1/b_l475e_iot01a1.o
                0x080041e0                SENSOR_IO_Write
 .text.SENSOR_IO_Read
                0x08004214       0x3c ./Drivers/BSP/B-L475E-IOT01A1/b_l475e_iot01a1.o
                0x08004214                SENSOR_IO_Read
 .text.SENSOR_IO_ReadMultiple
                0x08004250       0x3c ./Drivers/BSP/B-L475E-IOT01A1/b_l475e_iot01a1.o
                0x08004250                SENSOR_IO_ReadMultiple
 .text.BSP_SPI3_Init
                0x0800428c       0x60 ./Drivers/BSP/B-L475E-IOT01A1/b_l475e_iot01a1_bus.o
                0x0800428c                BSP_SPI3_Init
 .text.BSP_SPI3_SendRecv
                0x080042ec       0x40 ./Drivers/BSP/B-L475E-IOT01A1/b_l475e_iot01a1_bus.o
                0x080042ec                BSP_SPI3_SendRecv
 .text.BSP_GetTick
                0x0800432c        0xe ./Drivers/BSP/B-L475E-IOT01A1/b_l475e_iot01a1_bus.o
                0x0800432c                BSP_GetTick
 *fill*         0x0800433a        0x2 
 .text.MX_SPI3_Init
                0x0800433c       0x84 ./Drivers/BSP/B-L475E-IOT01A1/b_l475e_iot01a1_bus.o
                0x0800433c                MX_SPI3_Init
 .text.SPI3_MspInit
                0x080043c0       0xb0 ./Drivers/BSP/B-L475E-IOT01A1/b_l475e_iot01a1_bus.o
 .text.BSP_ACCELERO_Init
                0x08004470       0x7c ./Drivers/BSP/B-L475E-IOT01A1/stm32l475e_iot01_accelero.o
                0x08004470                BSP_ACCELERO_Init
 .text.BSP_ACCELERO_AccGetXYZ
                0x080044ec       0x30 ./Drivers/BSP/B-L475E-IOT01A1/stm32l475e_iot01_accelero.o
                0x080044ec                BSP_ACCELERO_AccGetXYZ
 .text.LSM6DSL_AccInit
                0x0800451c       0x72 ./Drivers/BSP/Components/lsm6dsl/lsm6dsl.o
                0x0800451c                LSM6DSL_AccInit
 .text.LSM6DSL_AccDeInit
                0x0800458e       0x32 ./Drivers/BSP/Components/lsm6dsl/lsm6dsl.o
                0x0800458e                LSM6DSL_AccDeInit
 .text.LSM6DSL_AccReadID
                0x080045c0       0x16 ./Drivers/BSP/Components/lsm6dsl/lsm6dsl.o
                0x080045c0                LSM6DSL_AccReadID
 .text.LSM6DSL_AccLowPower
                0x080045d6       0x44 ./Drivers/BSP/Components/lsm6dsl/lsm6dsl.o
                0x080045d6                LSM6DSL_AccLowPower
 *fill*         0x0800461a        0x2 
 .text.LSM6DSL_AccReadXYZ
                0x0800461c      0x12c ./Drivers/BSP/Components/lsm6dsl/lsm6dsl.o
                0x0800461c                LSM6DSL_AccReadXYZ
 .text.HAL_Init
                0x08004748       0x30 ./Drivers/STM32L4xx_HAL_Driver/Src/stm32l4xx_hal.o
                0x08004748                HAL_Init
 .text.HAL_InitTick
                0x08004778       0x78 ./Drivers/STM32L4xx_HAL_Driver/Src/stm32l4xx_hal.o
                0x08004778                HAL_InitTick
 .text.HAL_IncTick
                0x080047f0       0x28 ./Drivers/STM32L4xx_HAL_Driver/Src/stm32l4xx_hal.o
                0x080047f0                HAL_IncTick
 .text.HAL_GetTick
                0x08004818       0x18 ./Drivers/STM32L4xx_HAL_Driver/Src/stm32l4xx_hal.o
                0x08004818                HAL_GetTick
 .text.HAL_Delay
                0x08004830       0x48 ./Drivers/STM32L4xx_HAL_Driver/Src/stm32l4xx_hal.o
                0x08004830                HAL_Delay
 .text.__NVIC_SetPriorityGrouping
                0x08004878       0x48 ./Drivers/STM32L4xx_HAL_Driver/Src/stm32l4xx_hal_cortex.o
 .text.__NVIC_GetPriorityGrouping
                0x080048c0       0x1c ./Drivers/STM32L4xx_HAL_Driver/Src/stm32l4xx_hal_cortex.o
 .text.__NVIC_EnableIRQ
                0x080048dc       0x3c ./Drivers/STM32L4xx_HAL_Driver/Src/stm32l4xx_hal_cortex.o
 .text.__NVIC_SetPriority
                0x08004918       0x54 ./Drivers/STM32L4xx_HAL_Driver/Src/stm32l4xx_hal_cortex.o
 .text.NVIC_EncodePriority
                0x0800496c       0x66 ./Drivers/STM32L4xx_HAL_Driver/Src/stm32l4xx_hal_cortex.o
 *fill*         0x080049d2        0x2 
 .text.SysTick_Config
                0x080049d4       0x44 ./Drivers/STM32L4xx_HAL_Driver/Src/stm32l4xx_hal_cortex.o
 .text.HAL_NVIC_SetPriorityGrouping
                0x08004a18       0x16 ./Drivers/STM32L4xx_HAL_Driver/Src/stm32l4xx_hal_cortex.o
                0x08004a18                HAL_NVIC_SetPriorityGrouping
 .text.HAL_NVIC_SetPriority
                0x08004a2e       0x38 ./Drivers/STM32L4xx_HAL_Driver/Src/stm32l4xx_hal_cortex.o
                0x08004a2e                HAL_NVIC_SetPriority
 .text.HAL_NVIC_EnableIRQ
                0x08004a66       0x1c ./Drivers/STM32L4xx_HAL_Driver/Src/stm32l4xx_hal_cortex.o
                0x08004a66                HAL_NVIC_EnableIRQ
 .text.HAL_SYSTICK_Config
                0x08004a82       0x18 ./Drivers/STM32L4xx_HAL_Driver/Src/stm32l4xx_hal_cortex.o
                0x08004a82                HAL_SYSTICK_Config
 *fill*         0x08004a9a        0x2 
 .text.HAL_DFSDM_ChannelInit
                0x08004a9c      0x180 ./Drivers/STM32L4xx_HAL_Driver/Src/stm32l4xx_hal_dfsdm.o
                0x08004a9c                HAL_DFSDM_ChannelInit
 .text.DFSDM_GetChannelFromInstance
                0x08004c1c       0x98 ./Drivers/STM32L4xx_HAL_Driver/Src/stm32l4xx_hal_dfsdm.o
 .text.HAL_EXTI_RegisterCallback
                0x08004cb4       0x34 ./Drivers/STM32L4xx_HAL_Driver/Src/stm32l4xx_hal_exti.o
                0x08004cb4                HAL_EXTI_RegisterCallback
 .text.HAL_EXTI_GetHandle
                0x08004ce8       0x28 ./Drivers/STM32L4xx_HAL_Driver/Src/stm32l4xx_hal_exti.o
                0x08004ce8                HAL_EXTI_GetHandle
 .text.HAL_EXTI_IRQHandler
                0x08004d10       0x60 ./Drivers/STM32L4xx_HAL_Driver/Src/stm32l4xx_hal_exti.o
                0x08004d10                HAL_EXTI_IRQHandler
 .text.HAL_GPIO_Init
                0x08004d70      0x354 ./Drivers/STM32L4xx_HAL_Driver/Src/stm32l4xx_hal_gpio.o
                0x08004d70                HAL_GPIO_Init
 .text.HAL_GPIO_DeInit
                0x080050c4      0x1e8 ./Drivers/STM32L4xx_HAL_Driver/Src/stm32l4xx_hal_gpio.o
                0x080050c4                HAL_GPIO_DeInit
 .text.HAL_GPIO_ReadPin
                0x080052ac       0x30 ./Drivers/STM32L4xx_HAL_Driver/Src/stm32l4xx_hal_gpio.o
                0x080052ac                HAL_GPIO_ReadPin
 .text.HAL_GPIO_WritePin
                0x080052dc       0x30 ./Drivers/STM32L4xx_HAL_Driver/Src/stm32l4xx_hal_gpio.o
                0x080052dc                HAL_GPIO_WritePin
 .text.HAL_GPIO_TogglePin
                0x0800530c       0x34 ./Drivers/STM32L4xx_HAL_Driver/Src/stm32l4xx_hal_gpio.o
                0x0800530c                HAL_GPIO_TogglePin
 .text.HAL_GPIO_EXTI_IRQHandler
                0x08005340       0x30 ./Drivers/STM32L4xx_HAL_Driver/Src/stm32l4xx_hal_gpio.o
                0x08005340                HAL_GPIO_EXTI_IRQHandler
 .text.HAL_GPIO_EXTI_Callback
                0x08005370       0x16 ./Drivers/STM32L4xx_HAL_Driver/Src/stm32l4xx_hal_gpio.o
                0x08005370                HAL_GPIO_EXTI_Callback
 .text.HAL_I2C_Init
                0x08005386      0x136 ./Drivers/STM32L4xx_HAL_Driver/Src/stm32l4xx_hal_i2c.o
                0x08005386                HAL_I2C_Init
 .text.HAL_I2C_DeInit
                0x080054bc       0x5e ./Drivers/STM32L4xx_HAL_Driver/Src/stm32l4xx_hal_i2c.o
                0x080054bc                HAL_I2C_DeInit
 *fill*         0x0800551a        0x2 
 .text.HAL_I2C_Mem_Write
                0x0800551c      0x228 ./Drivers/STM32L4xx_HAL_Driver/Src/stm32l4xx_hal_i2c.o
                0x0800551c                HAL_I2C_Mem_Write
 .text.HAL_I2C_Mem_Read
                0x08005744      0x234 ./Drivers/STM32L4xx_HAL_Driver/Src/stm32l4xx_hal_i2c.o
                0x08005744                HAL_I2C_Mem_Read
 .text.I2C_RequestMemoryWrite
                0x08005978       0xa8 ./Drivers/STM32L4xx_HAL_Driver/Src/stm32l4xx_hal_i2c.o
 .text.I2C_RequestMemoryRead
                0x08005a20       0xa8 ./Drivers/STM32L4xx_HAL_Driver/Src/stm32l4xx_hal_i2c.o
 .text.I2C_Flush_TXDR
                0x08005ac8       0x48 ./Drivers/STM32L4xx_HAL_Driver/Src/stm32l4xx_hal_i2c.o
 .text.I2C_WaitOnFlagUntilTimeout
                0x08005b10       0xb2 ./Drivers/STM32L4xx_HAL_Driver/Src/stm32l4xx_hal_i2c.o
 .text.I2C_WaitOnTXISFlagUntilTimeout
                0x08005bc2       0x8e ./Drivers/STM32L4xx_HAL_Driver/Src/stm32l4xx_hal_i2c.o
 .text.I2C_WaitOnSTOPFlagUntilTimeout
                0x08005c50       0x86 ./Drivers/STM32L4xx_HAL_Driver/Src/stm32l4xx_hal_i2c.o
 *fill*         0x08005cd6        0x2 
 .text.I2C_IsErrorOccurred
                0x08005cd8      0x1c0 ./Drivers/STM32L4xx_HAL_Driver/Src/stm32l4xx_hal_i2c.o
 .text.I2C_TransferConfig
                0x08005e98       0x64 ./Drivers/STM32L4xx_HAL_Driver/Src/stm32l4xx_hal_i2c.o
 .text.HAL_I2CEx_ConfigAnalogFilter
                0x08005efc       0x96 ./Drivers/STM32L4xx_HAL_Driver/Src/stm32l4xx_hal_i2c_ex.o
                0x08005efc                HAL_I2CEx_ConfigAnalogFilter
 .text.HAL_PCD_Init
                0x08005f92      0x21e ./Drivers/STM32L4xx_HAL_Driver/Src/stm32l4xx_hal_pcd.o
                0x08005f92                HAL_PCD_Init
 .text.HAL_PCDEx_ActivateLPM
                0x080061b0       0x48 ./Drivers/STM32L4xx_HAL_Driver/Src/stm32l4xx_hal_pcd_ex.o
                0x080061b0                HAL_PCDEx_ActivateLPM
 .text.HAL_PWR_EnableBkUpAccess
                0x080061f8       0x20 ./Drivers/STM32L4xx_HAL_Driver/Src/stm32l4xx_hal_pwr.o
                0x080061f8                HAL_PWR_EnableBkUpAccess
 .text.HAL_PWREx_GetVoltageRange
                0x08006218       0x1c ./Drivers/STM32L4xx_HAL_Driver/Src/stm32l4xx_hal_pwr_ex.o
                0x08006218                HAL_PWREx_GetVoltageRange
 .text.HAL_PWREx_ControlVoltageScaling
                0x08006234       0xac ./Drivers/STM32L4xx_HAL_Driver/Src/stm32l4xx_hal_pwr_ex.o
                0x08006234                HAL_PWREx_ControlVoltageScaling
 .text.HAL_PWREx_EnableVddUSB
                0x080062e0       0x20 ./Drivers/STM32L4xx_HAL_Driver/Src/stm32l4xx_hal_pwr_ex.o
                0x080062e0                HAL_PWREx_EnableVddUSB
 .text.HAL_QSPI_Init
                0x08006300       0xec ./Drivers/STM32L4xx_HAL_Driver/Src/stm32l4xx_hal_qspi.o
                0x08006300                HAL_QSPI_Init
 .text.HAL_QSPI_SetTimeout
                0x080063ec       0x1c ./Drivers/STM32L4xx_HAL_Driver/Src/stm32l4xx_hal_qspi.o
                0x080063ec                HAL_QSPI_SetTimeout
 .text.QSPI_WaitFlagStateUntilTimeout
                0x08006408       0x6e ./Drivers/STM32L4xx_HAL_Driver/Src/stm32l4xx_hal_qspi.o
 *fill*         0x08006476        0x2 
 .text.HAL_RCC_OscConfig
                0x08006478      0x7b8 ./Drivers/STM32L4xx_HAL_Driver/Src/stm32l4xx_hal_rcc.o
                0x08006478                HAL_RCC_OscConfig
 .text.HAL_RCC_ClockConfig
                0x08006c30      0x200 ./Drivers/STM32L4xx_HAL_Driver/Src/stm32l4xx_hal_rcc.o
                0x08006c30                HAL_RCC_ClockConfig
 .text.HAL_RCC_GetSysClockFreq
                0x08006e30      0x118 ./Drivers/STM32L4xx_HAL_Driver/Src/stm32l4xx_hal_rcc.o
                0x08006e30                HAL_RCC_GetSysClockFreq
 .text.HAL_RCC_GetHCLKFreq
                0x08006f48       0x18 ./Drivers/STM32L4xx_HAL_Driver/Src/stm32l4xx_hal_rcc.o
                0x08006f48                HAL_RCC_GetHCLKFreq
 .text.HAL_RCC_GetPCLK1Freq
                0x08006f60       0x2c ./Drivers/STM32L4xx_HAL_Driver/Src/stm32l4xx_hal_rcc.o
                0x08006f60                HAL_RCC_GetPCLK1Freq
 .text.HAL_RCC_GetPCLK2Freq
                0x08006f8c       0x2c ./Drivers/STM32L4xx_HAL_Driver/Src/stm32l4xx_hal_rcc.o
                0x08006f8c                HAL_RCC_GetPCLK2Freq
 .text.RCC_SetFlashLatencyFromMSIRange
                0x08006fb8       0xc0 ./Drivers/STM32L4xx_HAL_Driver/Src/stm32l4xx_hal_rcc.o
 .text.HAL_RCCEx_PeriphCLKConfig
                0x08007078      0x5d4 ./Drivers/STM32L4xx_HAL_Driver/Src/stm32l4xx_hal_rcc_ex.o
                0x08007078                HAL_RCCEx_PeriphCLKConfig
 .text.HAL_RCCEx_EnableMSIPLLMode
                0x0800764c       0x20 ./Drivers/STM32L4xx_HAL_Driver/Src/stm32l4xx_hal_rcc_ex.o
                0x0800764c                HAL_RCCEx_EnableMSIPLLMode
 .text.RCCEx_PLLSAI1_Config
                0x0800766c      0x1e8 ./Drivers/STM32L4xx_HAL_Driver/Src/stm32l4xx_hal_rcc_ex.o
 .text.RCCEx_PLLSAI2_Config
                0x08007854      0x1bc ./Drivers/STM32L4xx_HAL_Driver/Src/stm32l4xx_hal_rcc_ex.o
 .text.HAL_SPI_Init
                0x08007a10      0x146 ./Drivers/STM32L4xx_HAL_Driver/Src/stm32l4xx_hal_spi.o
                0x08007a10                HAL_SPI_Init
 .text.HAL_SPI_MspInit
                0x08007b56       0x14 ./Drivers/STM32L4xx_HAL_Driver/Src/stm32l4xx_hal_spi.o
                0x08007b56                HAL_SPI_MspInit
 .text.HAL_SPI_TransmitReceive
                0x08007b6a      0x43e ./Drivers/STM32L4xx_HAL_Driver/Src/stm32l4xx_hal_spi.o
                0x08007b6a                HAL_SPI_TransmitReceive
 .text.HAL_SPI_GetState
                0x08007fa8       0x1c ./Drivers/STM32L4xx_HAL_Driver/Src/stm32l4xx_hal_spi.o
                0x08007fa8                HAL_SPI_GetState
 .text.SPI_WaitFlagStateUntilTimeout
                0x08007fc4      0x110 ./Drivers/STM32L4xx_HAL_Driver/Src/stm32l4xx_hal_spi.o
 .text.SPI_WaitFifoStateUntilTimeout
                0x080080d4      0x12c ./Drivers/STM32L4xx_HAL_Driver/Src/stm32l4xx_hal_spi.o
 .text.SPI_EndRxTxTransaction
                0x08008200       0x8c ./Drivers/STM32L4xx_HAL_Driver/Src/stm32l4xx_hal_spi.o
 .text.HAL_UART_Init
                0x0800828c       0x9c ./Drivers/STM32L4xx_HAL_Driver/Src/stm32l4xx_hal_uart.o
                0x0800828c                HAL_UART_Init
 .text.HAL_UART_Transmit
                0x08008328      0x112 ./Drivers/STM32L4xx_HAL_Driver/Src/stm32l4xx_hal_uart.o
                0x08008328                HAL_UART_Transmit
 *fill*         0x0800843a        0x2 
 .text.UART_SetConfig
                0x0800843c      0x570 ./Drivers/STM32L4xx_HAL_Driver/Src/stm32l4xx_hal_uart.o
                0x0800843c                UART_SetConfig
 .text.UART_AdvFeatureConfig
                0x080089ac      0x144 ./Drivers/STM32L4xx_HAL_Driver/Src/stm32l4xx_hal_uart.o
                0x080089ac                UART_AdvFeatureConfig
 .text.UART_CheckIdleState
                0x08008af0      0x150 ./Drivers/STM32L4xx_HAL_Driver/Src/stm32l4xx_hal_uart.o
                0x08008af0                UART_CheckIdleState
 .text.UART_WaitOnFlagUntilTimeout
                0x08008c40       0xda ./Drivers/STM32L4xx_HAL_Driver/Src/stm32l4xx_hal_uart.o
                0x08008c40                UART_WaitOnFlagUntilTimeout
 .text.UART_EndRxTransfer
                0x08008d1a       0xc8 ./Drivers/STM32L4xx_HAL_Driver/Src/stm32l4xx_hal_uart.o
 .text.USB_CoreInit
                0x08008de2       0x5a ./Drivers/STM32L4xx_HAL_Driver/Src/stm32l4xx_ll_usb.o
                0x08008de2                USB_CoreInit
 .text.USB_DisableGlobalInt
                0x08008e3c       0x22 ./Drivers/STM32L4xx_HAL_Driver/Src/stm32l4xx_ll_usb.o
                0x08008e3c                USB_DisableGlobalInt
 .text.USB_SetCurrentMode
                0x08008e5e       0x98 ./Drivers/STM32L4xx_HAL_Driver/Src/stm32l4xx_ll_usb.o
                0x08008e5e                USB_SetCurrentMode
 *fill*         0x08008ef6        0x2 
 .text.USB_DevInit
                0x08008ef8      0x290 ./Drivers/STM32L4xx_HAL_Driver/Src/stm32l4xx_ll_usb.o
                0x08008ef8                USB_DevInit
 .text.USB_FlushTxFifo
                0x08009188       0x64 ./Drivers/STM32L4xx_HAL_Driver/Src/stm32l4xx_ll_usb.o
                0x08009188                USB_FlushTxFifo
 .text.USB_FlushRxFifo
                0x080091ec       0x5c ./Drivers/STM32L4xx_HAL_Driver/Src/stm32l4xx_ll_usb.o
                0x080091ec                USB_FlushRxFifo
 .text.USB_SetDevSpeed
                0x08009248       0x32 ./Drivers/STM32L4xx_HAL_Driver/Src/stm32l4xx_ll_usb.o
                0x08009248                USB_SetDevSpeed
 .text.USB_DevDisconnect
                0x0800927a       0x42 ./Drivers/STM32L4xx_HAL_Driver/Src/stm32l4xx_ll_usb.o
                0x0800927a                USB_DevDisconnect
 .text.USB_GetMode
                0x080092bc       0x1c ./Drivers/STM32L4xx_HAL_Driver/Src/stm32l4xx_ll_usb.o
                0x080092bc                USB_GetMode
 .text.USB_CoreReset
                0x080092d8       0x62 ./Drivers/STM32L4xx_HAL_Driver/Src/stm32l4xx_ll_usb.o
 .text.aci_gap_init_IDB05A1
                0x0800933a       0xa0 ./Middlewares/ST/BlueNRG-MS/hci/controller/bluenrg_gap_aci.o
                0x0800933a                aci_gap_init_IDB05A1
 .text.aci_gap_init_IDB04A1
                0x080093da       0x94 ./Middlewares/ST/BlueNRG-MS/hci/controller/bluenrg_gap_aci.o
                0x080093da                aci_gap_init_IDB04A1
 .text.aci_gap_set_discoverable
                0x0800946e      0x1d4 ./Middlewares/ST/BlueNRG-MS/hci/controller/bluenrg_gap_aci.o
                0x0800946e                aci_gap_set_discoverable
 .text.aci_gap_set_auth_requirement
                0x08009642       0xae ./Middlewares/ST/BlueNRG-MS/hci/controller/bluenrg_gap_aci.o
                0x08009642                aci_gap_set_auth_requirement
 .text.aci_gap_update_adv_data
                0x080096f0       0xa2 ./Middlewares/ST/BlueNRG-MS/hci/controller/bluenrg_gap_aci.o
                0x080096f0                aci_gap_update_adv_data
 .text.aci_gatt_init
                0x08009792       0x46 ./Middlewares/ST/BlueNRG-MS/hci/controller/bluenrg_gatt_aci.o
                0x08009792                aci_gatt_init
 .text.aci_gatt_add_serv
                0x080097d8      0x112 ./Middlewares/ST/BlueNRG-MS/hci/controller/bluenrg_gatt_aci.o
                0x080097d8                aci_gatt_add_serv
 .text.aci_gatt_add_char
                0x080098ea      0x196 ./Middlewares/ST/BlueNRG-MS/hci/controller/bluenrg_gatt_aci.o
                0x080098ea                aci_gatt_add_char
 .text.aci_gatt_update_char_value
                0x08009a80      0x120 ./Middlewares/ST/BlueNRG-MS/hci/controller/bluenrg_gatt_aci.o
                0x08009a80                aci_gatt_update_char_value
 .text.aci_gatt_write_response
                0x08009ba0      0x140 ./Middlewares/ST/BlueNRG-MS/hci/controller/bluenrg_gatt_aci.o
                0x08009ba0                aci_gatt_write_response
 .text.aci_gatt_allow_read
                0x08009ce0       0x5a ./Middlewares/ST/BlueNRG-MS/hci/controller/bluenrg_gatt_aci.o
                0x08009ce0                aci_gatt_allow_read
 .text.aci_hal_read_config_data
                0x08009d3a       0xaa ./Middlewares/ST/BlueNRG-MS/hci/controller/bluenrg_hal_aci.o
                0x08009d3a                aci_hal_read_config_data
 .text.aci_hal_set_tx_power_level
                0x08009de4       0x62 ./Middlewares/ST/BlueNRG-MS/hci/controller/bluenrg_hal_aci.o
                0x08009de4                aci_hal_set_tx_power_level
 .text.getBlueNRGVersion
                0x08009e46       0x88 ./Middlewares/ST/BlueNRG-MS/hci/controller/bluenrg_utils_small.o
                0x08009e46                getBlueNRGVersion
 .text.hci_reset
                0x08009ece       0x44 ./Middlewares/ST/BlueNRG-MS/hci/hci_le.o
                0x08009ece                hci_reset
 .text.hci_le_read_local_version
                0x08009f12       0x94 ./Middlewares/ST/BlueNRG-MS/hci/hci_le.o
                0x08009f12                hci_le_read_local_version
 .text.hci_le_set_scan_resp_data
                0x08009fa6       0x82 ./Middlewares/ST/BlueNRG-MS/hci/hci_le.o
                0x08009fa6                hci_le_set_scan_resp_data
 .text.verify_packet
                0x0800a028       0x40 ./Middlewares/ST/BlueNRG-MS/hci/hci_tl_patterns/Basic/hci_tl.o
 .text.send_cmd
                0x0800a068       0x80 ./Middlewares/ST/BlueNRG-MS/hci/hci_tl_patterns/Basic/hci_tl.o
 .text.move_list
                0x0800a0e8       0x38 ./Middlewares/ST/BlueNRG-MS/hci/hci_tl_patterns/Basic/hci_tl.o
 .text.free_event_list
                0x0800a120       0x3c ./Middlewares/ST/BlueNRG-MS/hci/hci_tl_patterns/Basic/hci_tl.o
 .text.hci_init
                0x0800a15c       0x84 ./Middlewares/ST/BlueNRG-MS/hci/hci_tl_patterns/Basic/hci_tl.o
                0x0800a15c                hci_init
 .text.hci_register_io_bus
                0x0800a1e0       0x40 ./Middlewares/ST/BlueNRG-MS/hci/hci_tl_patterns/Basic/hci_tl.o
                0x0800a1e0                hci_register_io_bus
 .text.hci_send_req
                0x0800a220      0x230 ./Middlewares/ST/BlueNRG-MS/hci/hci_tl_patterns/Basic/hci_tl.o
                0x0800a220                hci_send_req
 .text.hci_user_evt_proc
                0x0800a450       0x58 ./Middlewares/ST/BlueNRG-MS/hci/hci_tl_patterns/Basic/hci_tl.o
                0x0800a450                hci_user_evt_proc
 .text.hci_notify_asynch_evt
                0x0800a4a8       0x9c ./Middlewares/ST/BlueNRG-MS/hci/hci_tl_patterns/Basic/hci_tl.o
                0x0800a4a8                hci_notify_asynch_evt
 .text.list_init_head
                0x0800a544       0x20 ./Middlewares/ST/BlueNRG-MS/utils/ble_list.o
                0x0800a544                list_init_head
 .text.list_is_empty
                0x0800a564       0x44 ./Middlewares/ST/BlueNRG-MS/utils/ble_list.o
                0x0800a564                list_is_empty
 .text.list_insert_head
                0x0800a5a8       0x4c ./Middlewares/ST/BlueNRG-MS/utils/ble_list.o
                0x0800a5a8                list_insert_head
 .text.list_insert_tail
                0x0800a5f4       0x4c ./Middlewares/ST/BlueNRG-MS/utils/ble_list.o
                0x0800a5f4                list_insert_tail
 .text.list_remove_node
                0x0800a640       0x42 ./Middlewares/ST/BlueNRG-MS/utils/ble_list.o
                0x0800a640                list_remove_node
 .text.list_remove_head
                0x0800a682       0x4e ./Middlewares/ST/BlueNRG-MS/utils/ble_list.o
                0x0800a682                list_remove_head
 .text.list_remove_tail
                0x0800a6d0       0x4e ./Middlewares/ST/BlueNRG-MS/utils/ble_list.o
                0x0800a6d0                list_remove_tail
 .text.list_get_size
                0x0800a71e       0x50 ./Middlewares/ST/BlueNRG-MS/utils/ble_list.o
                0x0800a71e                list_get_size
 .text.makeFreeRtosPriority
                0x0800a76e       0x30 ./Middlewares/Third_Party/FreeRTOS/Source/CMSIS_RTOS/cmsis_os.o
 .text.osKernelStart
                0x0800a79e        0xe ./Middlewares/Third_Party/FreeRTOS/Source/CMSIS_RTOS/cmsis_os.o
                0x0800a79e                osKernelStart
 .text.osThreadCreate
                0x0800a7ac       0x98 ./Middlewares/Third_Party/FreeRTOS/Source/CMSIS_RTOS/cmsis_os.o
                0x0800a7ac                osThreadCreate
 .text.osDelay  0x0800a844       0x28 ./Middlewares/Third_Party/FreeRTOS/Source/CMSIS_RTOS/cmsis_os.o
                0x0800a844                osDelay
 .text.vListInitialise
                0x0800a86c       0x40 ./Middlewares/Third_Party/FreeRTOS/Source/list.o
                0x0800a86c                vListInitialise
 .text.vListInitialiseItem
                0x0800a8ac       0x1a ./Middlewares/Third_Party/FreeRTOS/Source/list.o
                0x0800a8ac                vListInitialiseItem
 .text.vListInsertEnd
                0x0800a8c6       0x48 ./Middlewares/Third_Party/FreeRTOS/Source/list.o
                0x0800a8c6                vListInsertEnd
 .text.vListInsert
                0x0800a90e       0x72 ./Middlewares/Third_Party/FreeRTOS/Source/list.o
                0x0800a90e                vListInsert
 .text.uxListRemove
                0x0800a980       0x54 ./Middlewares/Third_Party/FreeRTOS/Source/list.o
                0x0800a980                uxListRemove
 .text.xTaskCreateStatic
                0x0800a9d4       0xc0 ./Middlewares/Third_Party/FreeRTOS/Source/tasks.o
                0x0800a9d4                xTaskCreateStatic
 .text.xTaskCreate
                0x0800aa94       0x8a ./Middlewares/Third_Party/FreeRTOS/Source/tasks.o
                0x0800aa94                xTaskCreate
 .text.prvInitialiseNewTask
                0x0800ab1e      0x110 ./Middlewares/Third_Party/FreeRTOS/Source/tasks.o
 *fill*         0x0800ac2e        0x2 
 .text.prvAddNewTaskToReadyList
                0x0800ac30       0xd4 ./Middlewares/Third_Party/FreeRTOS/Source/tasks.o
 .text.vTaskDelay
                0x0800ad04       0x6c ./Middlewares/Third_Party/FreeRTOS/Source/tasks.o
                0x0800ad04                vTaskDelay
 .text.vTaskStartScheduler
                0x0800ad70       0xc4 ./Middlewares/Third_Party/FreeRTOS/Source/tasks.o
                0x0800ad70                vTaskStartScheduler
 .text.vTaskSuspendAll
                0x0800ae34       0x1c ./Middlewares/Third_Party/FreeRTOS/Source/tasks.o
                0x0800ae34                vTaskSuspendAll
 .text.xTaskResumeAll
                0x0800ae50      0x13c ./Middlewares/Third_Party/FreeRTOS/Source/tasks.o
                0x0800ae50                xTaskResumeAll
 .text.xTaskIncrementTick
                0x0800af8c      0x174 ./Middlewares/Third_Party/FreeRTOS/Source/tasks.o
                0x0800af8c                xTaskIncrementTick
 .text.vTaskSwitchContext
                0x0800b100       0xb8 ./Middlewares/Third_Party/FreeRTOS/Source/tasks.o
                0x0800b100                vTaskSwitchContext
 .text.prvIdleTask
                0x0800b1b8       0x30 ./Middlewares/Third_Party/FreeRTOS/Source/tasks.o
 .text.prvInitialiseTaskLists
                0x0800b1e8       0x80 ./Middlewares/Third_Party/FreeRTOS/Source/tasks.o
 .text.prvCheckTasksWaitingTermination
                0x0800b268       0x5c ./Middlewares/Third_Party/FreeRTOS/Source/tasks.o
 .text.prvDeleteTCB
                0x0800b2c4       0x60 ./Middlewares/Third_Party/FreeRTOS/Source/tasks.o
 .text.prvResetNextTaskUnblockTime
                0x0800b324       0x40 ./Middlewares/Third_Party/FreeRTOS/Source/tasks.o
 .text.xTaskGetSchedulerState
                0x0800b364       0x3c ./Middlewares/Third_Party/FreeRTOS/Source/tasks.o
                0x0800b364                xTaskGetSchedulerState
 .text.prvAddCurrentTaskToDelayedList
                0x0800b3a0       0xcc ./Middlewares/Third_Party/FreeRTOS/Source/tasks.o
 .text.pxPortInitialiseStack
                0x0800b46c       0x68 ./Middlewares/Third_Party/FreeRTOS/Source/portable/GCC/ARM_CM4F/port.o
                0x0800b46c                pxPortInitialiseStack
 .text.prvTaskExitError
                0x0800b4d4       0x5c ./Middlewares/Third_Party/FreeRTOS/Source/portable/GCC/ARM_CM4F/port.o
 .text.SVC_Handler
                0x0800b530       0x28 ./Middlewares/Third_Party/FreeRTOS/Source/portable/GCC/ARM_CM4F/port.o
                0x0800b530                SVC_Handler
 .text.prvPortStartFirstTask
                0x0800b558       0x28 ./Middlewares/Third_Party/FreeRTOS/Source/portable/GCC/ARM_CM4F/port.o
 .text.xPortStartScheduler
                0x0800b580      0x148 ./Middlewares/Third_Party/FreeRTOS/Source/portable/GCC/ARM_CM4F/port.o
                0x0800b580                xPortStartScheduler
 .text.vPortEnterCritical
                0x0800b6c8       0x64 ./Middlewares/Third_Party/FreeRTOS/Source/portable/GCC/ARM_CM4F/port.o
                0x0800b6c8                vPortEnterCritical
 .text.vPortExitCritical
                0x0800b72c       0x54 ./Middlewares/Third_Party/FreeRTOS/Source/portable/GCC/ARM_CM4F/port.o
                0x0800b72c                vPortExitCritical
 .text.PendSV_Handler
                0x0800b780       0x68 ./Middlewares/Third_Party/FreeRTOS/Source/portable/GCC/ARM_CM4F/port.o
                0x0800b780                PendSV_Handler
 .text.xPortSysTickHandler
                0x0800b7e8       0x44 ./Middlewares/Third_Party/FreeRTOS/Source/portable/GCC/ARM_CM4F/port.o
                0x0800b7e8                xPortSysTickHandler
 .text.vPortSetupTimerInterrupt
                0x0800b82c       0x48 ./Middlewares/Third_Party/FreeRTOS/Source/portable/GCC/ARM_CM4F/port.o
                0x0800b82c                vPortSetupTimerInterrupt
 .text.vPortEnableVFP
                0x0800b874       0x14 ./Middlewares/Third_Party/FreeRTOS/Source/portable/GCC/ARM_CM4F/port.o
 .text.pvPortMalloc
                0x0800b888      0x19c ./Middlewares/Third_Party/FreeRTOS/Source/portable/MemMang/heap_4.o
                0x0800b888                pvPortMalloc
 .text.vPortFree
                0x0800ba24       0xc8 ./Middlewares/Third_Party/FreeRTOS/Source/portable/MemMang/heap_4.o
                0x0800ba24                vPortFree
 .text.prvHeapInit
                0x0800baec       0xc4 ./Middlewares/Third_Party/FreeRTOS/Source/portable/MemMang/heap_4.o
 .text.prvInsertBlockIntoFreeList
                0x0800bbb0       0xb4 ./Middlewares/Third_Party/FreeRTOS/Source/portable/MemMang/heap_4.o
 .text.srand    0x0800bc64       0x5c C:/ST/STM32CubeIDE_1.16.1/STM32CubeIDE/plugins/com.st.stm32cube.ide.mcu.externaltools.gnu-tools-for-stm32.12.3.rel1.win32_1.0.200.202406191623/tools/bin/../lib/gcc/arm-none-eabi/12.3.1/../../../../arm-none-eabi/lib/thumb/v7e-m+fp/hard\libc_nano.a(libc_a-rand.o)
                0x0800bc64                srand
 .text.rand     0x0800bcc0       0x7c C:/ST/STM32CubeIDE_1.16.1/STM32CubeIDE/plugins/com.st.stm32cube.ide.mcu.externaltools.gnu-tools-for-stm32.12.3.rel1.win32_1.0.200.202406191623/tools/bin/../lib/gcc/arm-none-eabi/12.3.1/../../../../arm-none-eabi/lib/thumb/v7e-m+fp/hard\libc_nano.a(libc_a-rand.o)
                0x0800bcc0                rand
 .text.std      0x0800bd3c       0x6c C:/ST/STM32CubeIDE_1.16.1/STM32CubeIDE/plugins/com.st.stm32cube.ide.mcu.externaltools.gnu-tools-for-stm32.12.3.rel1.win32_1.0.200.202406191623/tools/bin/../lib/gcc/arm-none-eabi/12.3.1/../../../../arm-none-eabi/lib/thumb/v7e-m+fp/hard\libc_nano.a(libc_a-findfp.o)
 .text.stdio_exit_handler
                0x0800bda8       0x18 C:/ST/STM32CubeIDE_1.16.1/STM32CubeIDE/plugins/com.st.stm32cube.ide.mcu.externaltools.gnu-tools-for-stm32.12.3.rel1.win32_1.0.200.202406191623/tools/bin/../lib/gcc/arm-none-eabi/12.3.1/../../../../arm-none-eabi/lib/thumb/v7e-m+fp/hard\libc_nano.a(libc_a-findfp.o)
 .text.cleanup_stdio
                0x0800bdc0       0x40 C:/ST/STM32CubeIDE_1.16.1/STM32CubeIDE/plugins/com.st.stm32cube.ide.mcu.externaltools.gnu-tools-for-stm32.12.3.rel1.win32_1.0.200.202406191623/tools/bin/../lib/gcc/arm-none-eabi/12.3.1/../../../../arm-none-eabi/lib/thumb/v7e-m+fp/hard\libc_nano.a(libc_a-findfp.o)
 .text.global_stdio_init.part.0
                0x0800be00       0x3c C:/ST/STM32CubeIDE_1.16.1/STM32CubeIDE/plugins/com.st.stm32cube.ide.mcu.externaltools.gnu-tools-for-stm32.12.3.rel1.win32_1.0.200.202406191623/tools/bin/../lib/gcc/arm-none-eabi/12.3.1/../../../../arm-none-eabi/lib/thumb/v7e-m+fp/hard\libc_nano.a(libc_a-findfp.o)
 .text.__sfp_lock_acquire
                0x0800be3c        0xc C:/ST/STM32CubeIDE_1.16.1/STM32CubeIDE/plugins/com.st.stm32cube.ide.mcu.externaltools.gnu-tools-for-stm32.12.3.rel1.win32_1.0.200.202406191623/tools/bin/../lib/gcc/arm-none-eabi/12.3.1/../../../../arm-none-eabi/lib/thumb/v7e-m+fp/hard\libc_nano.a(libc_a-findfp.o)
                0x0800be3c                __sfp_lock_acquire
 .text.__sfp_lock_release
                0x0800be48        0xc C:/ST/STM32CubeIDE_1.16.1/STM32CubeIDE/plugins/com.st.stm32cube.ide.mcu.externaltools.gnu-tools-for-stm32.12.3.rel1.win32_1.0.200.202406191623/tools/bin/../lib/gcc/arm-none-eabi/12.3.1/../../../../arm-none-eabi/lib/thumb/v7e-m+fp/hard\libc_nano.a(libc_a-findfp.o)
                0x0800be48                __sfp_lock_release
 .text.__sinit  0x0800be54       0x30 C:/ST/STM32CubeIDE_1.16.1/STM32CubeIDE/plugins/com.st.stm32cube.ide.mcu.externaltools.gnu-tools-for-stm32.12.3.rel1.win32_1.0.200.202406191623/tools/bin/../lib/gcc/arm-none-eabi/12.3.1/../../../../arm-none-eabi/lib/thumb/v7e-m+fp/hard\libc_nano.a(libc_a-findfp.o)
                0x0800be54                __sinit
 .text._fwalk_sglue
                0x0800be84       0x3c C:/ST/STM32CubeIDE_1.16.1/STM32CubeIDE/plugins/com.st.stm32cube.ide.mcu.externaltools.gnu-tools-for-stm32.12.3.rel1.win32_1.0.200.202406191623/tools/bin/../lib/gcc/arm-none-eabi/12.3.1/../../../../arm-none-eabi/lib/thumb/v7e-m+fp/hard\libc_nano.a(libc_a-fwalk.o)
                0x0800be84                _fwalk_sglue
 .text.printf   0x0800bec0       0x24 C:/ST/STM32CubeIDE_1.16.1/STM32CubeIDE/plugins/com.st.stm32cube.ide.mcu.externaltools.gnu-tools-for-stm32.12.3.rel1.win32_1.0.200.202406191623/tools/bin/../lib/gcc/arm-none-eabi/12.3.1/../../../../arm-none-eabi/lib/thumb/v7e-m+fp/hard\libc_nano.a(libc_a-printf.o)
                0x0800bec0                iprintf
                0x0800bec0                printf
 .text._puts_r  0x0800bee4       0xaa C:/ST/STM32CubeIDE_1.16.1/STM32CubeIDE/plugins/com.st.stm32cube.ide.mcu.externaltools.gnu-tools-for-stm32.12.3.rel1.win32_1.0.200.202406191623/tools/bin/../lib/gcc/arm-none-eabi/12.3.1/../../../../arm-none-eabi/lib/thumb/v7e-m+fp/hard\libc_nano.a(libc_a-puts.o)
                0x0800bee4                _puts_r
 *fill*         0x0800bf8e        0x2 
 .text.puts     0x0800bf90       0x10 C:/ST/STM32CubeIDE_1.16.1/STM32CubeIDE/plugins/com.st.stm32cube.ide.mcu.externaltools.gnu-tools-for-stm32.12.3.rel1.win32_1.0.200.202406191623/tools/bin/../lib/gcc/arm-none-eabi/12.3.1/../../../../arm-none-eabi/lib/thumb/v7e-m+fp/hard\libc_nano.a(libc_a-puts.o)
                0x0800bf90                puts
 .text.snprintf
                0x0800bfa0       0x68 C:/ST/STM32CubeIDE_1.16.1/STM32CubeIDE/plugins/com.st.stm32cube.ide.mcu.externaltools.gnu-tools-for-stm32.12.3.rel1.win32_1.0.200.202406191623/tools/bin/../lib/gcc/arm-none-eabi/12.3.1/../../../../arm-none-eabi/lib/thumb/v7e-m+fp/hard\libc_nano.a(libc_a-snprintf.o)
                0x0800bfa0                sniprintf
                0x0800bfa0                snprintf
 .text.__sread  0x0800c008       0x22 C:/ST/STM32CubeIDE_1.16.1/STM32CubeIDE/plugins/com.st.stm32cube.ide.mcu.externaltools.gnu-tools-for-stm32.12.3.rel1.win32_1.0.200.202406191623/tools/bin/../lib/gcc/arm-none-eabi/12.3.1/../../../../arm-none-eabi/lib/thumb/v7e-m+fp/hard\libc_nano.a(libc_a-stdio.o)
                0x0800c008                __sread
 .text.__swrite
                0x0800c02a       0x38 C:/ST/STM32CubeIDE_1.16.1/STM32CubeIDE/plugins/com.st.stm32cube.ide.mcu.externaltools.gnu-tools-for-stm32.12.3.rel1.win32_1.0.200.202406191623/tools/bin/../lib/gcc/arm-none-eabi/12.3.1/../../../../arm-none-eabi/lib/thumb/v7e-m+fp/hard\libc_nano.a(libc_a-stdio.o)
                0x0800c02a                __swrite
 .text.__sseek  0x0800c062       0x24 C:/ST/STM32CubeIDE_1.16.1/STM32CubeIDE/plugins/com.st.stm32cube.ide.mcu.externaltools.gnu-tools-for-stm32.12.3.rel1.win32_1.0.200.202406191623/tools/bin/../lib/gcc/arm-none-eabi/12.3.1/../../../../arm-none-eabi/lib/thumb/v7e-m+fp/hard\libc_nano.a(libc_a-stdio.o)
                0x0800c062                __sseek
 .text.__sclose
                0x0800c086        0x8 C:/ST/STM32CubeIDE_1.16.1/STM32CubeIDE/plugins/com.st.stm32cube.ide.mcu.externaltools.gnu-tools-for-stm32.12.3.rel1.win32_1.0.200.202406191623/tools/bin/../lib/gcc/arm-none-eabi/12.3.1/../../../../arm-none-eabi/lib/thumb/v7e-m+fp/hard\libc_nano.a(libc_a-stdio.o)
                0x0800c086                __sclose
 .text.__swbuf_r
                0x0800c08e       0x7c C:/ST/STM32CubeIDE_1.16.1/STM32CubeIDE/plugins/com.st.stm32cube.ide.mcu.externaltools.gnu-tools-for-stm32.12.3.rel1.win32_1.0.200.202406191623/tools/bin/../lib/gcc/arm-none-eabi/12.3.1/../../../../arm-none-eabi/lib/thumb/v7e-m+fp/hard\libc_nano.a(libc_a-wbuf.o)
                0x0800c08e                __swbuf_r
 *fill*         0x0800c10a        0x2 
 .text.__swsetup_r
                0x0800c10c       0xac C:/ST/STM32CubeIDE_1.16.1/STM32CubeIDE/plugins/com.st.stm32cube.ide.mcu.externaltools.gnu-tools-for-stm32.12.3.rel1.win32_1.0.200.202406191623/tools/bin/../lib/gcc/arm-none-eabi/12.3.1/../../../../arm-none-eabi/lib/thumb/v7e-m+fp/hard\libc_nano.a(libc_a-wsetup.o)
                0x0800c10c                __swsetup_r
 .text.memset   0x0800c1b8       0x10 C:/ST/STM32CubeIDE_1.16.1/STM32CubeIDE/plugins/com.st.stm32cube.ide.mcu.externaltools.gnu-tools-for-stm32.12.3.rel1.win32_1.0.200.202406191623/tools/bin/../lib/gcc/arm-none-eabi/12.3.1/../../../../arm-none-eabi/lib/thumb/v7e-m+fp/hard\libc_nano.a(libc_a-memset.o)
                0x0800c1b8                memset
 .text._close_r
                0x0800c1c8       0x20 C:/ST/STM32CubeIDE_1.16.1/STM32CubeIDE/plugins/com.st.stm32cube.ide.mcu.externaltools.gnu-tools-for-stm32.12.3.rel1.win32_1.0.200.202406191623/tools/bin/../lib/gcc/arm-none-eabi/12.3.1/../../../../arm-none-eabi/lib/thumb/v7e-m+fp/hard\libc_nano.a(libc_a-closer.o)
                0x0800c1c8                _close_r
 .text._lseek_r
                0x0800c1e8       0x24 C:/ST/STM32CubeIDE_1.16.1/STM32CubeIDE/plugins/com.st.stm32cube.ide.mcu.externaltools.gnu-tools-for-stm32.12.3.rel1.win32_1.0.200.202406191623/tools/bin/../lib/gcc/arm-none-eabi/12.3.1/../../../../arm-none-eabi/lib/thumb/v7e-m+fp/hard\libc_nano.a(libc_a-lseekr.o)
                0x0800c1e8                _lseek_r
 .text._read_r  0x0800c20c       0x24 C:/ST/STM32CubeIDE_1.16.1/STM32CubeIDE/plugins/com.st.stm32cube.ide.mcu.externaltools.gnu-tools-for-stm32.12.3.rel1.win32_1.0.200.202406191623/tools/bin/../lib/gcc/arm-none-eabi/12.3.1/../../../../arm-none-eabi/lib/thumb/v7e-m+fp/hard\libc_nano.a(libc_a-readr.o)
                0x0800c20c                _read_r
 .text._write_r
                0x0800c230       0x24 C:/ST/STM32CubeIDE_1.16.1/STM32CubeIDE/plugins/com.st.stm32cube.ide.mcu.externaltools.gnu-tools-for-stm32.12.3.rel1.win32_1.0.200.202406191623/tools/bin/../lib/gcc/arm-none-eabi/12.3.1/../../../../arm-none-eabi/lib/thumb/v7e-m+fp/hard\libc_nano.a(libc_a-writer.o)
                0x0800c230                _write_r
 .text.__errno  0x0800c254        0xc C:/ST/STM32CubeIDE_1.16.1/STM32CubeIDE/plugins/com.st.stm32cube.ide.mcu.externaltools.gnu-tools-for-stm32.12.3.rel1.win32_1.0.200.202406191623/tools/bin/../lib/gcc/arm-none-eabi/12.3.1/../../../../arm-none-eabi/lib/thumb/v7e-m+fp/hard\libc_nano.a(libc_a-errno.o)
                0x0800c254                __errno
 .text.__libc_init_array
                0x0800c260       0x48 C:/ST/STM32CubeIDE_1.16.1/STM32CubeIDE/plugins/com.st.stm32cube.ide.mcu.externaltools.gnu-tools-for-stm32.12.3.rel1.win32_1.0.200.202406191623/tools/bin/../lib/gcc/arm-none-eabi/12.3.1/../../../../arm-none-eabi/lib/thumb/v7e-m+fp/hard\libc_nano.a(libc_a-init.o)
                0x0800c260                __libc_init_array
 .text.__retarget_lock_init_recursive
                0x0800c2a8        0x2 C:/ST/STM32CubeIDE_1.16.1/STM32CubeIDE/plugins/com.st.stm32cube.ide.mcu.externaltools.gnu-tools-for-stm32.12.3.rel1.win32_1.0.200.202406191623/tools/bin/../lib/gcc/arm-none-eabi/12.3.1/../../../../arm-none-eabi/lib/thumb/v7e-m+fp/hard\libc_nano.a(libc_a-lock.o)
                0x0800c2a8                __retarget_lock_init_recursive
 .text.__retarget_lock_acquire_recursive
                0x0800c2aa        0x2 C:/ST/STM32CubeIDE_1.16.1/STM32CubeIDE/plugins/com.st.stm32cube.ide.mcu.externaltools.gnu-tools-for-stm32.12.3.rel1.win32_1.0.200.202406191623/tools/bin/../lib/gcc/arm-none-eabi/12.3.1/../../../../arm-none-eabi/lib/thumb/v7e-m+fp/hard\libc_nano.a(libc_a-lock.o)
                0x0800c2aa                __retarget_lock_acquire_recursive
 .text.__retarget_lock_release_recursive
                0x0800c2ac        0x2 C:/ST/STM32CubeIDE_1.16.1/STM32CubeIDE/plugins/com.st.stm32cube.ide.mcu.externaltools.gnu-tools-for-stm32.12.3.rel1.win32_1.0.200.202406191623/tools/bin/../lib/gcc/arm-none-eabi/12.3.1/../../../../arm-none-eabi/lib/thumb/v7e-m+fp/hard\libc_nano.a(libc_a-lock.o)
                0x0800c2ac                __retarget_lock_release_recursive
 .text.memcpy   0x0800c2ae       0x1c C:/ST/STM32CubeIDE_1.16.1/STM32CubeIDE/plugins/com.st.stm32cube.ide.mcu.externaltools.gnu-tools-for-stm32.12.3.rel1.win32_1.0.200.202406191623/tools/bin/../lib/gcc/arm-none-eabi/12.3.1/../../../../arm-none-eabi/lib/thumb/v7e-m+fp/hard\libc_nano.a(libc_a-memcpy-stub.o)
                0x0800c2ae                memcpy
 *fill*         0x0800c2ca        0x2 
 .text.__assert_func
                0x0800c2cc       0x3c C:/ST/STM32CubeIDE_1.16.1/STM32CubeIDE/plugins/com.st.stm32cube.ide.mcu.externaltools.gnu-tools-for-stm32.12.3.rel1.win32_1.0.200.202406191623/tools/bin/../lib/gcc/arm-none-eabi/12.3.1/../../../../arm-none-eabi/lib/thumb/v7e-m+fp/hard\libc_nano.a(libc_a-assert.o)
                0x0800c2cc                __assert_func
 .text._free_r  0x0800c308       0x94 C:/ST/STM32CubeIDE_1.16.1/STM32CubeIDE/plugins/com.st.stm32cube.ide.mcu.externaltools.gnu-tools-for-stm32.12.3.rel1.win32_1.0.200.202406191623/tools/bin/../lib/gcc/arm-none-eabi/12.3.1/../../../../arm-none-eabi/lib/thumb/v7e-m+fp/hard\libc_nano.a(libc_a-freer.o)
                0x0800c308                _free_r
 .text.malloc   0x0800c39c       0x10 C:/ST/STM32CubeIDE_1.16.1/STM32CubeIDE/plugins/com.st.stm32cube.ide.mcu.externaltools.gnu-tools-for-stm32.12.3.rel1.win32_1.0.200.202406191623/tools/bin/../lib/gcc/arm-none-eabi/12.3.1/../../../../arm-none-eabi/lib/thumb/v7e-m+fp/hard\libc_nano.a(libc_a-malloc.o)
                0x0800c39c                malloc
 .text.sbrk_aligned
                0x0800c3ac       0x44 C:/ST/STM32CubeIDE_1.16.1/STM32CubeIDE/plugins/com.st.stm32cube.ide.mcu.externaltools.gnu-tools-for-stm32.12.3.rel1.win32_1.0.200.202406191623/tools/bin/../lib/gcc/arm-none-eabi/12.3.1/../../../../arm-none-eabi/lib/thumb/v7e-m+fp/hard\libc_nano.a(libc_a-mallocr.o)
 .text._malloc_r
                0x0800c3f0      0x100 C:/ST/STM32CubeIDE_1.16.1/STM32CubeIDE/plugins/com.st.stm32cube.ide.mcu.externaltools.gnu-tools-for-stm32.12.3.rel1.win32_1.0.200.202406191623/tools/bin/../lib/gcc/arm-none-eabi/12.3.1/../../../../arm-none-eabi/lib/thumb/v7e-m+fp/hard\libc_nano.a(libc_a-mallocr.o)
                0x0800c3f0                _malloc_r
 .text.__malloc_lock
                0x0800c4f0        0xc C:/ST/STM32CubeIDE_1.16.1/STM32CubeIDE/plugins/com.st.stm32cube.ide.mcu.externaltools.gnu-tools-for-stm32.12.3.rel1.win32_1.0.200.202406191623/tools/bin/../lib/gcc/arm-none-eabi/12.3.1/../../../../arm-none-eabi/lib/thumb/v7e-m+fp/hard\libc_nano.a(libc_a-mlock.o)
                0x0800c4f0                __malloc_lock
 .text.__malloc_unlock
                0x0800c4fc        0xc C:/ST/STM32CubeIDE_1.16.1/STM32CubeIDE/plugins/com.st.stm32cube.ide.mcu.externaltools.gnu-tools-for-stm32.12.3.rel1.win32_1.0.200.202406191623/tools/bin/../lib/gcc/arm-none-eabi/12.3.1/../../../../arm-none-eabi/lib/thumb/v7e-m+fp/hard\libc_nano.a(libc_a-mlock.o)
                0x0800c4fc                __malloc_unlock
 .text.__ssputs_r
                0x0800c508       0xb6 C:/ST/STM32CubeIDE_1.16.1/STM32CubeIDE/plugins/com.st.stm32cube.ide.mcu.externaltools.gnu-tools-for-stm32.12.3.rel1.win32_1.0.200.202406191623/tools/bin/../lib/gcc/arm-none-eabi/12.3.1/../../../../arm-none-eabi/lib/thumb/v7e-m+fp/hard\libc_nano.a(libc_a-nano-svfprintf.o)
                0x0800c508                __ssputs_r
 *fill*         0x0800c5be        0x2 
 .text._svfprintf_r
                0x0800c5c0      0x1f8 C:/ST/STM32CubeIDE_1.16.1/STM32CubeIDE/plugins/com.st.stm32cube.ide.mcu.externaltools.gnu-tools-for-stm32.12.3.rel1.win32_1.0.200.202406191623/tools/bin/../lib/gcc/arm-none-eabi/12.3.1/../../../../arm-none-eabi/lib/thumb/v7e-m+fp/hard\libc_nano.a(libc_a-nano-svfprintf.o)
                0x0800c5c0                _svfiprintf_r
                0x0800c5c0                _svfprintf_r
 .text.__sfputc_r
                0x0800c7b8       0x2e C:/ST/STM32CubeIDE_1.16.1/STM32CubeIDE/plugins/com.st.stm32cube.ide.mcu.externaltools.gnu-tools-for-stm32.12.3.rel1.win32_1.0.200.202406191623/tools/bin/../lib/gcc/arm-none-eabi/12.3.1/../../../../arm-none-eabi/lib/thumb/v7e-m+fp/hard\libc_nano.a(libc_a-nano-vfprintf.o)
 .text.__sfputs_r
                0x0800c7e6       0x24 C:/ST/STM32CubeIDE_1.16.1/STM32CubeIDE/plugins/com.st.stm32cube.ide.mcu.externaltools.gnu-tools-for-stm32.12.3.rel1.win32_1.0.200.202406191623/tools/bin/../lib/gcc/arm-none-eabi/12.3.1/../../../../arm-none-eabi/lib/thumb/v7e-m+fp/hard\libc_nano.a(libc_a-nano-vfprintf.o)
                0x0800c7e6                __sfputs_r
 *fill*         0x0800c80a        0x2 
 .text._vfprintf_r
                0x0800c80c      0x230 C:/ST/STM32CubeIDE_1.16.1/STM32CubeIDE/plugins/com.st.stm32cube.ide.mcu.externaltools.gnu-tools-for-stm32.12.3.rel1.win32_1.0.200.202406191623/tools/bin/../lib/gcc/arm-none-eabi/12.3.1/../../../../arm-none-eabi/lib/thumb/v7e-m+fp/hard\libc_nano.a(libc_a-nano-vfprintf.o)
                0x0800c80c                _vfprintf_r
                0x0800c80c                _vfiprintf_r
 .text._printf_common
                0x0800ca3c       0xda C:/ST/STM32CubeIDE_1.16.1/STM32CubeIDE/plugins/com.st.stm32cube.ide.mcu.externaltools.gnu-tools-for-stm32.12.3.rel1.win32_1.0.200.202406191623/tools/bin/../lib/gcc/arm-none-eabi/12.3.1/../../../../arm-none-eabi/lib/thumb/v7e-m+fp/hard\libc_nano.a(libc_a-nano-vfprintf_i.o)
                0x0800ca3c                _printf_common
 *fill*         0x0800cb16        0x2 
 .text._printf_i
                0x0800cb18      0x240 C:/ST/STM32CubeIDE_1.16.1/STM32CubeIDE/plugins/com.st.stm32cube.ide.mcu.externaltools.gnu-tools-for-stm32.12.3.rel1.win32_1.0.200.202406191623/tools/bin/../lib/gcc/arm-none-eabi/12.3.1/../../../../arm-none-eabi/lib/thumb/v7e-m+fp/hard\libc_nano.a(libc_a-nano-vfprintf_i.o)
                0x0800cb18                _printf_i
 .text.__sflush_r
                0x0800cd58      0x108 C:/ST/STM32CubeIDE_1.16.1/STM32CubeIDE/plugins/com.st.stm32cube.ide.mcu.externaltools.gnu-tools-for-stm32.12.3.rel1.win32_1.0.200.202406191623/tools/bin/../lib/gcc/arm-none-eabi/12.3.1/../../../../arm-none-eabi/lib/thumb/v7e-m+fp/hard\libc_nano.a(libc_a-fflush.o)
                0x0800cd58                __sflush_r
 .text._fflush_r
                0x0800ce60       0x50 C:/ST/STM32CubeIDE_1.16.1/STM32CubeIDE/plugins/com.st.stm32cube.ide.mcu.externaltools.gnu-tools-for-stm32.12.3.rel1.win32_1.0.200.202406191623/tools/bin/../lib/gcc/arm-none-eabi/12.3.1/../../../../arm-none-eabi/lib/thumb/v7e-m+fp/hard\libc_nano.a(libc_a-fflush.o)
                0x0800ce60                _fflush_r
 .text.fprintf  0x0800ceb0       0x24 C:/ST/STM32CubeIDE_1.16.1/STM32CubeIDE/plugins/com.st.stm32cube.ide.mcu.externaltools.gnu-tools-for-stm32.12.3.rel1.win32_1.0.200.202406191623/tools/bin/../lib/gcc/arm-none-eabi/12.3.1/../../../../arm-none-eabi/lib/thumb/v7e-m+fp/hard\libc_nano.a(libc_a-fprintf.o)
                0x0800ceb0                fiprintf
                0x0800ceb0                fprintf
 .text.__swhatbuf_r
                0x0800ced4       0x4c C:/ST/STM32CubeIDE_1.16.1/STM32CubeIDE/plugins/com.st.stm32cube.ide.mcu.externaltools.gnu-tools-for-stm32.12.3.rel1.win32_1.0.200.202406191623/tools/bin/../lib/gcc/arm-none-eabi/12.3.1/../../../../arm-none-eabi/lib/thumb/v7e-m+fp/hard\libc_nano.a(libc_a-makebuf.o)
                0x0800ced4                __swhatbuf_r
 .text.__smakebuf_r
                0x0800cf20       0x78 C:/ST/STM32CubeIDE_1.16.1/STM32CubeIDE/plugins/com.st.stm32cube.ide.mcu.externaltools.gnu-tools-for-stm32.12.3.rel1.win32_1.0.200.202406191623/tools/bin/../lib/gcc/arm-none-eabi/12.3.1/../../../../arm-none-eabi/lib/thumb/v7e-m+fp/hard\libc_nano.a(libc_a-makebuf.o)
                0x0800cf20                __smakebuf_r
 .text.memmove  0x0800cf98       0x34 C:/ST/STM32CubeIDE_1.16.1/STM32CubeIDE/plugins/com.st.stm32cube.ide.mcu.externaltools.gnu-tools-for-stm32.12.3.rel1.win32_1.0.200.202406191623/tools/bin/../lib/gcc/arm-none-eabi/12.3.1/../../../../arm-none-eabi/lib/thumb/v7e-m+fp/hard\libc_nano.a(libc_a-memmove.o)
                0x0800cf98                memmove
 .text._fstat_r
                0x0800cfcc       0x24 C:/ST/STM32CubeIDE_1.16.1/STM32CubeIDE/plugins/com.st.stm32cube.ide.mcu.externaltools.gnu-tools-for-stm32.12.3.rel1.win32_1.0.200.202406191623/tools/bin/../lib/gcc/arm-none-eabi/12.3.1/../../../../arm-none-eabi/lib/thumb/v7e-m+fp/hard\libc_nano.a(libc_a-fstatr.o)
                0x0800cfcc                _fstat_r
 .text._isatty_r
                0x0800cff0       0x20 C:/ST/STM32CubeIDE_1.16.1/STM32CubeIDE/plugins/com.st.stm32cube.ide.mcu.externaltools.gnu-tools-for-stm32.12.3.rel1.win32_1.0.200.202406191623/tools/bin/../lib/gcc/arm-none-eabi/12.3.1/../../../../arm-none-eabi/lib/thumb/v7e-m+fp/hard\libc_nano.a(libc_a-isattyr.o)
                0x0800cff0                _isatty_r
 .text._sbrk_r  0x0800d010       0x20 C:/ST/STM32CubeIDE_1.16.1/STM32CubeIDE/plugins/com.st.stm32cube.ide.mcu.externaltools.gnu-tools-for-stm32.12.3.rel1.win32_1.0.200.202406191623/tools/bin/../lib/gcc/arm-none-eabi/12.3.1/../../../../arm-none-eabi/lib/thumb/v7e-m+fp/hard\libc_nano.a(libc_a-sbrkr.o)
                0x0800d010                _sbrk_r
 .text.abort    0x0800d030        0xe C:/ST/STM32CubeIDE_1.16.1/STM32CubeIDE/plugins/com.st.stm32cube.ide.mcu.externaltools.gnu-tools-for-stm32.12.3.rel1.win32_1.0.200.202406191623/tools/bin/../lib/gcc/arm-none-eabi/12.3.1/../../../../arm-none-eabi/lib/thumb/v7e-m+fp/hard\libc_nano.a(libc_a-abort.o)
                0x0800d030                abort
 .text._realloc_r
                0x0800d03e       0x5c C:/ST/STM32CubeIDE_1.16.1/STM32CubeIDE/plugins/com.st.stm32cube.ide.mcu.externaltools.gnu-tools-for-stm32.12.3.rel1.win32_1.0.200.202406191623/tools/bin/../lib/gcc/arm-none-eabi/12.3.1/../../../../arm-none-eabi/lib/thumb/v7e-m+fp/hard\libc_nano.a(libc_a-reallocr.o)
                0x0800d03e                _realloc_r
 .text._raise_r
                0x0800d09a       0x50 C:/ST/STM32CubeIDE_1.16.1/STM32CubeIDE/plugins/com.st.stm32cube.ide.mcu.externaltools.gnu-tools-for-stm32.12.3.rel1.win32_1.0.200.202406191623/tools/bin/../lib/gcc/arm-none-eabi/12.3.1/../../../../arm-none-eabi/lib/thumb/v7e-m+fp/hard\libc_nano.a(libc_a-signal.o)
                0x0800d09a                _raise_r
 *fill*         0x0800d0ea        0x2 
 .text.raise    0x0800d0ec       0x10 C:/ST/STM32CubeIDE_1.16.1/STM32CubeIDE/plugins/com.st.stm32cube.ide.mcu.externaltools.gnu-tools-for-stm32.12.3.rel1.win32_1.0.200.202406191623/tools/bin/../lib/gcc/arm-none-eabi/12.3.1/../../../../arm-none-eabi/lib/thumb/v7e-m+fp/hard\libc_nano.a(libc_a-signal.o)
                0x0800d0ec                raise
 .text._kill_r  0x0800d0fc       0x24 C:/ST/STM32CubeIDE_1.16.1/STM32CubeIDE/plugins/com.st.stm32cube.ide.mcu.externaltools.gnu-tools-for-stm32.12.3.rel1.win32_1.0.200.202406191623/tools/bin/../lib/gcc/arm-none-eabi/12.3.1/../../../../arm-none-eabi/lib/thumb/v7e-m+fp/hard\libc_nano.a(libc_a-signalr.o)
                0x0800d0fc                _kill_r
 .text._getpid_r
                0x0800d120        0x4 C:/ST/STM32CubeIDE_1.16.1/STM32CubeIDE/plugins/com.st.stm32cube.ide.mcu.externaltools.gnu-tools-for-stm32.12.3.rel1.win32_1.0.200.202406191623/tools/bin/../lib/gcc/arm-none-eabi/12.3.1/../../../../arm-none-eabi/lib/thumb/v7e-m+fp/hard\libc_nano.a(libc_a-signalr.o)
                0x0800d120                _getpid_r
 .text._malloc_usable_size_r
                0x0800d124       0x10 C:/ST/STM32CubeIDE_1.16.1/STM32CubeIDE/plugins/com.st.stm32cube.ide.mcu.externaltools.gnu-tools-for-stm32.12.3.rel1.win32_1.0.200.202406191623/tools/bin/../lib/gcc/arm-none-eabi/12.3.1/../../../../arm-none-eabi/lib/thumb/v7e-m+fp/hard\libc_nano.a(libc_a-msizer.o)
                0x0800d124                _malloc_usable_size_r
 *(.glue_7)
 .glue_7        0x0800d134        0x0 linker stubs
 *(.glue_7t)
 .glue_7t       0x0800d134        0x0 linker stubs
 *(.eh_frame)
 .eh_frame      0x0800d134        0x0 C:/ST/STM32CubeIDE_1.16.1/STM32CubeIDE/plugins/com.st.stm32cube.ide.mcu.externaltools.gnu-tools-for-stm32.12.3.rel1.win32_1.0.200.202406191623/tools/bin/../lib/gcc/arm-none-eabi/12.3.1/thumb/v7e-m+fp/hard/crtbegin.o
 *(.init)
 .init          0x0800d134        0x4 C:/ST/STM32CubeIDE_1.16.1/STM32CubeIDE/plugins/com.st.stm32cube.ide.mcu.externaltools.gnu-tools-for-stm32.12.3.rel1.win32_1.0.200.202406191623/tools/bin/../lib/gcc/arm-none-eabi/12.3.1/thumb/v7e-m+fp/hard/crti.o
                0x0800d134                _init
 .init          0x0800d138        0x8 C:/ST/STM32CubeIDE_1.16.1/STM32CubeIDE/plugins/com.st.stm32cube.ide.mcu.externaltools.gnu-tools-for-stm32.12.3.rel1.win32_1.0.200.202406191623/tools/bin/../lib/gcc/arm-none-eabi/12.3.1/thumb/v7e-m+fp/hard/crtn.o
 *(.fini)
 .fini          0x0800d140        0x4 C:/ST/STM32CubeIDE_1.16.1/STM32CubeIDE/plugins/com.st.stm32cube.ide.mcu.externaltools.gnu-tools-for-stm32.12.3.rel1.win32_1.0.200.202406191623/tools/bin/../lib/gcc/arm-none-eabi/12.3.1/thumb/v7e-m+fp/hard/crti.o
                0x0800d140                _fini
 .fini          0x0800d144        0x8 C:/ST/STM32CubeIDE_1.16.1/STM32CubeIDE/plugins/com.st.stm32cube.ide.mcu.externaltools.gnu-tools-for-stm32.12.3.rel1.win32_1.0.200.202406191623/tools/bin/../lib/gcc/arm-none-eabi/12.3.1/thumb/v7e-m+fp/hard/crtn.o
                0x0800d14c                        . = ALIGN (0x4)
                0x0800d14c                        _etext = .

.vfp11_veneer   0x0800d14c        0x0
 .vfp11_veneer  0x0800d14c        0x0 linker stubs

.v4_bx          0x0800d14c        0x0
 .v4_bx         0x0800d14c        0x0 linker stubs

.iplt           0x0800d14c        0x0
 .iplt          0x0800d14c        0x0 C:/ST/STM32CubeIDE_1.16.1/STM32CubeIDE/plugins/com.st.stm32cube.ide.mcu.externaltools.gnu-tools-for-stm32.12.3.rel1.win32_1.0.200.202406191623/tools/bin/../lib/gcc/arm-none-eabi/12.3.1/thumb/v7e-m+fp/hard/crtbegin.o

.rodata         0x0800d14c      0x4e8
                0x0800d14c                        . = ALIGN (0x4)
 *(.rodata)
 .rodata        0x0800d14c      0x17a ./BlueNRG_MS/App/app_bluenrg_ms.o
 *fill*         0x0800d2c6        0x2 
 .rodata        0x0800d2c8       0xc3 ./BlueNRG_MS/App/gatt_db.o
 *fill*         0x0800d38b        0x1 
 .rodata        0x0800d38c       0xb2 ./BlueNRG_MS/App/sensor.o
 *fill*         0x0800d43e        0x2 
 .rodata        0x0800d440        0xd ./BlueNRG_MS/Target/hci_tl_interface.o
 *fill*         0x0800d44d        0x3 
 .rodata        0x0800d450       0xa0 ./Core/Src/main.o
 .rodata        0x0800d4f0        0x5 ./Middlewares/Third_Party/FreeRTOS/Source/tasks.o
 *(.rodata*)
 *fill*         0x0800d4f5        0x3 
 .rodata.AHBPrescTable
                0x0800d4f8       0x10 ./Core/Src/system_stm32l4xx.o
                0x0800d4f8                AHBPrescTable
 .rodata.APBPrescTable
                0x0800d508        0x8 ./Core/Src/system_stm32l4xx.o
                0x0800d508                APBPrescTable
 .rodata.MSIRangeTable
                0x0800d510       0x30 ./Core/Src/system_stm32l4xx.o
                0x0800d510                MSIRangeTable
 .rodata.LedGpioInit.4
                0x0800d540        0x4 ./Drivers/BSP/B-L475E-IOT01A1/b_l475e_iot01a1.o
 .rodata.ButtonGpioInit.3
                0x0800d544        0x4 ./Drivers/BSP/B-L475E-IOT01A1/b_l475e_iot01a1.o
 .rodata.BUTTON_EXTI_LINE.2
                0x0800d548        0x4 ./Drivers/BSP/B-L475E-IOT01A1/b_l475e_iot01a1.o
 .rodata.ButtonCallback.1
                0x0800d54c        0x4 ./Drivers/BSP/B-L475E-IOT01A1/b_l475e_iot01a1.o
 .rodata.BSP_BUTTON_PRIO.0
                0x0800d550        0x4 ./Drivers/BSP/B-L475E-IOT01A1/b_l475e_iot01a1.o
 .rodata.srand.str1.1
                0x0800d554       0x6f C:/ST/STM32CubeIDE_1.16.1/STM32CubeIDE/plugins/com.st.stm32cube.ide.mcu.externaltools.gnu-tools-for-stm32.12.3.rel1.win32_1.0.200.202406191623/tools/bin/../lib/gcc/arm-none-eabi/12.3.1/../../../../arm-none-eabi/lib/thumb/v7e-m+fp/hard\libc_nano.a(libc_a-rand.o)
 .rodata.__assert_func.str1.1
                0x0800d5c3       0x3c C:/ST/STM32CubeIDE_1.16.1/STM32CubeIDE/plugins/com.st.stm32cube.ide.mcu.externaltools.gnu-tools-for-stm32.12.3.rel1.win32_1.0.200.202406191623/tools/bin/../lib/gcc/arm-none-eabi/12.3.1/../../../../arm-none-eabi/lib/thumb/v7e-m+fp/hard\libc_nano.a(libc_a-assert.o)
                                 0x3d (size before relaxing)
 .rodata._svfprintf_r.str1.1
                0x0800d5ff       0x11 C:/ST/STM32CubeIDE_1.16.1/STM32CubeIDE/plugins/com.st.stm32cube.ide.mcu.externaltools.gnu-tools-for-stm32.12.3.rel1.win32_1.0.200.202406191623/tools/bin/../lib/gcc/arm-none-eabi/12.3.1/../../../../arm-none-eabi/lib/thumb/v7e-m+fp/hard\libc_nano.a(libc_a-nano-svfprintf.o)
 .rodata._vfprintf_r.str1.1
                0x0800d610       0x11 C:/ST/STM32CubeIDE_1.16.1/STM32CubeIDE/plugins/com.st.stm32cube.ide.mcu.externaltools.gnu-tools-for-stm32.12.3.rel1.win32_1.0.200.202406191623/tools/bin/../lib/gcc/arm-none-eabi/12.3.1/../../../../arm-none-eabi/lib/thumb/v7e-m+fp/hard\libc_nano.a(libc_a-nano-vfprintf.o)
 .rodata._printf_i.str1.1
                0x0800d610       0x22 C:/ST/STM32CubeIDE_1.16.1/STM32CubeIDE/plugins/com.st.stm32cube.ide.mcu.externaltools.gnu-tools-for-stm32.12.3.rel1.win32_1.0.200.202406191623/tools/bin/../lib/gcc/arm-none-eabi/12.3.1/../../../../arm-none-eabi/lib/thumb/v7e-m+fp/hard\libc_nano.a(libc_a-nano-vfprintf_i.o)
                0x0800d634                        . = ALIGN (0x4)
 *fill*         0x0800d632        0x2 

.ARM.extab      0x0800d634        0x0
                0x0800d634                        . = ALIGN (0x4)
 *(.ARM.extab* .gnu.linkonce.armextab.*)
                0x0800d634                        . = ALIGN (0x4)

.ARM            0x0800d634        0x8
                0x0800d634                        . = ALIGN (0x4)
                0x0800d634                        __exidx_start = .
 *(.ARM.exidx*)
 .ARM.exidx     0x0800d634        0x8 C:/ST/STM32CubeIDE_1.16.1/STM32CubeIDE/plugins/com.st.stm32cube.ide.mcu.externaltools.gnu-tools-for-stm32.12.3.rel1.win32_1.0.200.202406191623/tools/bin/../lib/gcc/arm-none-eabi/12.3.1/../../../../arm-none-eabi/lib/thumb/v7e-m+fp/hard\libc_nano.a(libc_a-strlen.o)
 .ARM.exidx     0x0800d63c        0x0 C:/ST/STM32CubeIDE_1.16.1/STM32CubeIDE/plugins/com.st.stm32cube.ide.mcu.externaltools.gnu-tools-for-stm32.12.3.rel1.win32_1.0.200.202406191623/tools/bin/../lib/gcc/arm-none-eabi/12.3.1/../../../../arm-none-eabi/lib/thumb/v7e-m+fp/hard\libc_nano.a(libc_a-memchr.o)
                                  0x8 (size before relaxing)
 .ARM.exidx     0x0800d63c        0x0 C:/ST/STM32CubeIDE_1.16.1/STM32CubeIDE/plugins/com.st.stm32cube.ide.mcu.externaltools.gnu-tools-for-stm32.12.3.rel1.win32_1.0.200.202406191623/tools/bin/../lib/gcc/arm-none-eabi/12.3.1/thumb/v7e-m+fp/hard\libgcc.a(_udivmoddi4.o)
                                  0x8 (size before relaxing)
                0x0800d63c                        __exidx_end = .
                0x0800d63c                        . = ALIGN (0x4)

.preinit_array  0x0800d63c        0x0
                0x0800d63c                        . = ALIGN (0x4)
                0x0800d63c                        PROVIDE (__preinit_array_start = .)
 *(.preinit_array*)
                0x0800d63c                        PROVIDE (__preinit_array_end = .)
                0x0800d63c                        . = ALIGN (0x4)

.init_array     0x0800d63c        0x4
                0x0800d63c                        . = ALIGN (0x4)
                0x0800d63c                        PROVIDE (__init_array_start = .)
 *(SORT_BY_NAME(.init_array.*))
 *(.init_array*)
 .init_array    0x0800d63c        0x4 C:/ST/STM32CubeIDE_1.16.1/STM32CubeIDE/plugins/com.st.stm32cube.ide.mcu.externaltools.gnu-tools-for-stm32.12.3.rel1.win32_1.0.200.202406191623/tools/bin/../lib/gcc/arm-none-eabi/12.3.1/thumb/v7e-m+fp/hard/crtbegin.o
                0x0800d640                        PROVIDE (__init_array_end = .)
                0x0800d640                        . = ALIGN (0x4)

.fini_array     0x0800d640        0x4
                0x0800d640                        . = ALIGN (0x4)
                [!provide]                        PROVIDE (__fini_array_start = .)
 *(SORT_BY_NAME(.fini_array.*))
 *(.fini_array*)
 .fini_array    0x0800d640        0x4 C:/ST/STM32CubeIDE_1.16.1/STM32CubeIDE/plugins/com.st.stm32cube.ide.mcu.externaltools.gnu-tools-for-stm32.12.3.rel1.win32_1.0.200.202406191623/tools/bin/../lib/gcc/arm-none-eabi/12.3.1/thumb/v7e-m+fp/hard/crtbegin.o
                [!provide]                        PROVIDE (__fini_array_end = .)
                0x0800d644                        . = ALIGN (0x4)
                0x0800d644                        _sidata = LOADADDR (.data)

.rel.dyn        0x0800d644        0x0
 .rel.iplt      0x0800d644        0x0 C:/ST/STM32CubeIDE_1.16.1/STM32CubeIDE/plugins/com.st.stm32cube.ide.mcu.externaltools.gnu-tools-for-stm32.12.3.rel1.win32_1.0.200.202406191623/tools/bin/../lib/gcc/arm-none-eabi/12.3.1/thumb/v7e-m+fp/hard/crtbegin.o

.data           0x20000000       0xb8 load address 0x0800d644
                0x20000000                        . = ALIGN (0x4)
                0x20000000                        _sdata = .
 *(.data)
 *(.data*)
 .data.user_button_init_state
                0x20000000        0x1 ./BlueNRG_MS/App/app_bluenrg_ms.o
 .data.set_connectable
                0x20000001        0x1 ./BlueNRG_MS/App/sensor.o
                0x20000001                set_connectable
 .data.sample_rate
                0x20000002        0x1 ./Core/Src/main.o
                0x20000002                sample_rate
 *fill*         0x20000003        0x1 
 .data.SystemCoreClock
                0x20000004        0x4 ./Core/Src/system_stm32l4xx.o
                0x20000004                SystemCoreClock
 .data.LED_PORT
                0x20000008        0x4 ./Drivers/BSP/B-L475E-IOT01A1/b_l475e_iot01a1.o
 .data.BUTTON_PORT
                0x2000000c        0x4 ./Drivers/BSP/B-L475E-IOT01A1/b_l475e_iot01a1.o
 .data.hpb_exti
                0x20000010        0x8 ./Drivers/BSP/B-L475E-IOT01A1/b_l475e_iot01a1.o
                0x20000010                hpb_exti
 .data.COM_USART
                0x20000018        0x4 ./Drivers/BSP/B-L475E-IOT01A1/b_l475e_iot01a1.o
                0x20000018                COM_USART
 .data.Lsm6dslAccDrv
                0x2000001c       0x34 ./Drivers/BSP/Components/lsm6dsl/lsm6dsl.o
                0x2000001c                Lsm6dslAccDrv
 .data.uwTickPrio
                0x20000050        0x4 ./Drivers/STM32L4xx_HAL_Driver/Src/stm32l4xx_hal.o
                0x20000050                uwTickPrio
 .data.uwTickFreq
                0x20000054        0x1 ./Drivers/STM32L4xx_HAL_Driver/Src/stm32l4xx_hal.o
                0x20000054                uwTickFreq
 *fill*         0x20000055        0x3 
 .data.uxCriticalNesting
                0x20000058        0x4 ./Middlewares/Third_Party/FreeRTOS/Source/portable/GCC/ARM_CM4F/port.o
 .data.__sglue  0x2000005c        0xc C:/ST/STM32CubeIDE_1.16.1/STM32CubeIDE/plugins/com.st.stm32cube.ide.mcu.externaltools.gnu-tools-for-stm32.12.3.rel1.win32_1.0.200.202406191623/tools/bin/../lib/gcc/arm-none-eabi/12.3.1/../../../../arm-none-eabi/lib/thumb/v7e-m+fp/hard\libc_nano.a(libc_a-findfp.o)
                0x2000005c                __sglue
 .data._impure_ptr
                0x20000068        0x4 C:/ST/STM32CubeIDE_1.16.1/STM32CubeIDE/plugins/com.st.stm32cube.ide.mcu.externaltools.gnu-tools-for-stm32.12.3.rel1.win32_1.0.200.202406191623/tools/bin/../lib/gcc/arm-none-eabi/12.3.1/../../../../arm-none-eabi/lib/thumb/v7e-m+fp/hard\libc_nano.a(libc_a-impure.o)
                0x20000068                _impure_ptr
 .data._impure_data
                0x2000006c       0x4c C:/ST/STM32CubeIDE_1.16.1/STM32CubeIDE/plugins/com.st.stm32cube.ide.mcu.externaltools.gnu-tools-for-stm32.12.3.rel1.win32_1.0.200.202406191623/tools/bin/../lib/gcc/arm-none-eabi/12.3.1/../../../../arm-none-eabi/lib/thumb/v7e-m+fp/hard\libc_nano.a(libc_a-impure.o)
                0x2000006c                _impure_data
 *(.RamFunc)
 *(.RamFunc*)
                0x200000b8                        . = ALIGN (0x4)
                0x200000b8                        _edata = .

.igot.plt       0x200000b8        0x0 load address 0x0800d6fc
 .igot.plt      0x200000b8        0x0 C:/ST/STM32CubeIDE_1.16.1/STM32CubeIDE/plugins/com.st.stm32cube.ide.mcu.externaltools.gnu-tools-for-stm32.12.3.rel1.win32_1.0.200.202406191623/tools/bin/../lib/gcc/arm-none-eabi/12.3.1/thumb/v7e-m+fp/hard/crtbegin.o
                0x200000b8                        . = ALIGN (0x4)

.bss            0x200000b8     0x3df8 load address 0x0800d6fc
                0x200000b8                        _sbss = .
                0x200000b8                        __bss_start__ = _sbss
 *(.bss)
 .bss           0x200000b8       0x1c C:/ST/STM32CubeIDE_1.16.1/STM32CubeIDE/plugins/com.st.stm32cube.ide.mcu.externaltools.gnu-tools-for-stm32.12.3.rel1.win32_1.0.200.202406191623/tools/bin/../lib/gcc/arm-none-eabi/12.3.1/thumb/v7e-m+fp/hard/crtbegin.o
 *(.bss*)
 .bss.bnrg_expansion_board
                0x200000d4        0x1 ./BlueNRG_MS/App/app_bluenrg_ms.o
                0x200000d4                bnrg_expansion_board