../Core/Src/main.c:36:6:writeArrayToFile	32	static
../Core/Src/main.c:162:5:main	4016	static
../Core/Src/main.c:347:6:SystemClock_Config	96	static
../Core/Src/main.c:408:13:MX_DFSDM1_Init	8	static
../Core/Src/main.c:446:13:MX_I2C2_Init	8	static
../Core/Src/main.c:494:13:MX_QUADSPI_Init	8	static
../Core/Src/main.c:527:13:MX_USART3_UART_Init	8	static
../Core/Src/main.c:562:13:MX_USB_OTG_FS_PCD_Init	8	static
../Core/Src/main.c:597:13:MX_GPIO_Init	48	static
../Core/Src/main.c:788:6:StartDefaultTask	16	static
../Core/Src/main.c:810:6:StartTask02	16	static
../Core/Src/main.c:839:6:StartTask03	16	static
../Core/Src/main.c:857:6:StartTask04	16	static
../Core/Src/main.c:872:6:Error_Handler	4	static,ignoring_inline_asm
