../Drivers/BSP/B-L475E-IOT01A1/b_l475e_iot01a1.c:100:9:BSP_GetVersion	4	static
../Drivers/BSP/B-L475E-IOT01A1/b_l475e_iot01a1.c:112:9:BSP_LED_Init	16	static
../Drivers/BSP/B-L475E-IOT01A1/b_l475e_iot01a1.c:127:9:BSP_LED_DeInit	40	static
../Drivers/BSP/B-L475E-IOT01A1/b_l475e_iot01a1.c:150:9:BSP_LED_On	16	static
../Drivers/BSP/B-L475E-IOT01A1/b_l475e_iot01a1.c:167:9:BSP_LED_Off	16	static
../Drivers/BSP/B-L475E-IOT01A1/b_l475e_iot01a1.c:184:9:BSP_LED_Toggle	16	static
../Drivers/BSP/B-L475E-IOT01A1/b_l475e_iot01a1.c:201:9:BSP_LED_GetState	16	static
../Drivers/BSP/B-L475E-IOT01A1/b_l475e_iot01a1.c:209:13:LED_USER_GPIO_Init	40	static
../Drivers/BSP/B-L475E-IOT01A1/b_l475e_iot01a1.c:243:9:BSP_PB_Init	24	static
../Drivers/BSP/B-L475E-IOT01A1/b_l475e_iot01a1.c:283:9:BSP_PB_DeInit	40	static
../Drivers/BSP/B-L475E-IOT01A1/b_l475e_iot01a1.c:301:9:BSP_PB_GetState	16	static
../Drivers/BSP/B-L475E-IOT01A1/b_l475e_iot01a1.c:310:6:BSP_PB_IRQHandler	16	static
../Drivers/BSP/B-L475E-IOT01A1/b_l475e_iot01a1.c:320:13:BSP_PB_Callback	16	static
../Drivers/BSP/B-L475E-IOT01A1/b_l475e_iot01a1.c:333:13:BUTTON_USER_EXTI_Callback	4	static
../Drivers/BSP/B-L475E-IOT01A1/b_l475e_iot01a1.c:342:13:BUTTON_USER_GPIO_Init	40	static
../Drivers/BSP/B-L475E-IOT01A1/b_l475e_iot01a1.c:369:9:BSP_COM_Init	24	static
../Drivers/BSP/B-L475E-IOT01A1/b_l475e_iot01a1.c:407:9:BSP_COM_DeInit	24	static
../Drivers/BSP/B-L475E-IOT01A1/b_l475e_iot01a1.c:444:26:MX_USART1_UART_Init	24	static
../Drivers/BSP/B-L475E-IOT01A1/b_l475e_iot01a1.c:548:9:BSP_COM_SelectLogPort	16	static
../Drivers/BSP/B-L475E-IOT01A1/b_l475e_iot01a1.c:594:5:__io_putchar	16	static
../Drivers/BSP/B-L475E-IOT01A1/b_l475e_iot01a1.c:607:13:USART1_MspInit	184	static
../Drivers/BSP/B-L475E-IOT01A1/b_l475e_iot01a1.c:648:13:USART1_MspDeInit	16	static
../Drivers/BSP/B-L475E-IOT01A1/b_l475e_iot01a1.c:708:13:I2Cx_MspInit	48	static
../Drivers/BSP/B-L475E-IOT01A1/b_l475e_iot01a1.c:750:13:I2Cx_MspDeInit	40	static
../Drivers/BSP/B-L475E-IOT01A1/b_l475e_iot01a1.c:769:13:I2Cx_Init	16	static
../Drivers/BSP/B-L475E-IOT01A1/b_l475e_iot01a1.c:794:13:I2Cx_DeInit	16	static
../Drivers/BSP/B-L475E-IOT01A1/b_l475e_iot01a1.c:810:26:I2Cx_ReadMultiple	48	static
../Drivers/BSP/B-L475E-IOT01A1/b_l475e_iot01a1.c:836:26:I2Cx_WriteMultiple	48	static
../Drivers/BSP/B-L475E-IOT01A1/b_l475e_iot01a1.c:859:26:I2Cx_IsDeviceReady	24	static
../Drivers/BSP/B-L475E-IOT01A1/b_l475e_iot01a1.c:870:13:I2Cx_Error	16	static
../Drivers/BSP/B-L475E-IOT01A1/b_l475e_iot01a1.c:880:6:SENSOR_IO_Init	8	static
../Drivers/BSP/B-L475E-IOT01A1/b_l475e_iot01a1.c:889:6:SENSOR_IO_DeInit	8	static
../Drivers/BSP/B-L475E-IOT01A1/b_l475e_iot01a1.c:901:6:SENSOR_IO_Write	24	static
../Drivers/BSP/B-L475E-IOT01A1/b_l475e_iot01a1.c:912:9:SENSOR_IO_Read	32	static
../Drivers/BSP/B-L475E-IOT01A1/b_l475e_iot01a1.c:930:10:SENSOR_IO_ReadMultiple	24	static
../Drivers/BSP/B-L475E-IOT01A1/b_l475e_iot01a1.c:944:6:SENSOR_IO_WriteMultiple	24	static
../Drivers/BSP/B-L475E-IOT01A1/b_l475e_iot01a1.c:956:19:SENSOR_IO_IsDeviceReady	16	static
../Drivers/BSP/B-L475E-IOT01A1/b_l475e_iot01a1.c:966:6:SENSOR_IO_Delay	16	static
../Drivers/BSP/B-L475E-IOT01A1/b_l475e_iot01a1.c:978:6:NFC_IO_Init	40	static
../Drivers/BSP/B-L475E-IOT01A1/b_l475e_iot01a1.c:1020:6:NFC_IO_DeInit	8	static
../Drivers/BSP/B-L475E-IOT01A1/b_l475e_iot01a1.c:1032:10:NFC_IO_ReadMultiple	32	static
../Drivers/BSP/B-L475E-IOT01A1/b_l475e_iot01a1.c:1058:11:NFC_IO_WriteMultiple	32	static
../Drivers/BSP/B-L475E-IOT01A1/b_l475e_iot01a1.c:1083:12:NFC_IO_IsDeviceReady	32	static
../Drivers/BSP/B-L475E-IOT01A1/b_l475e_iot01a1.c:1111:6:NFC_IO_ReadState	16	static
../Drivers/BSP/B-L475E-IOT01A1/b_l475e_iot01a1.c:1120:6:NFC_IO_RfDisable	16	static
../Drivers/BSP/B-L475E-IOT01A1/b_l475e_iot01a1.c:1130:6:NFC_IO_Delay	16	static
